Archive member included because of file (symbol)

c:/program files (x86)/gnu tools arm embedded/4.9 2015q3/bin/../lib/gcc/arm-none-eabi/4.9.3/../../../../arm-none-eabi/lib/armv7e-m/fpu\libc.a(lib_a-exit.o)
                              c:/program files (x86)/gnu tools arm embedded/4.9 2015q3/bin/../lib/gcc/arm-none-eabi/4.9.3/../../../../arm-none-eabi/lib/armv7e-m/fpu/crt0.o (exit)
c:/program files (x86)/gnu tools arm embedded/4.9 2015q3/bin/../lib/gcc/arm-none-eabi/4.9.3/../../../../arm-none-eabi/lib/armv7e-m/fpu\libc.a(lib_a-impure.o)
                              c:/program files (x86)/gnu tools arm embedded/4.9 2015q3/bin/../lib/gcc/arm-none-eabi/4.9.3/../../../../arm-none-eabi/lib/armv7e-m/fpu\libc.a(lib_a-exit.o) (_global_impure_ptr)
c:/program files (x86)/gnu tools arm embedded/4.9 2015q3/bin/../lib/gcc/arm-none-eabi/4.9.3/../../../../arm-none-eabi/lib/armv7e-m/fpu\libc.a(lib_a-init.o)
                              c:/program files (x86)/gnu tools arm embedded/4.9 2015q3/bin/../lib/gcc/arm-none-eabi/4.9.3/../../../../arm-none-eabi/lib/armv7e-m/fpu/crt0.o (__libc_init_array)
c:/program files (x86)/gnu tools arm embedded/4.9 2015q3/bin/../lib/gcc/arm-none-eabi/4.9.3/../../../../arm-none-eabi/lib/armv7e-m/fpu\libc.a(lib_a-memset.o)
                              c:/program files (x86)/gnu tools arm embedded/4.9 2015q3/bin/../lib/gcc/arm-none-eabi/4.9.3/../../../../arm-none-eabi/lib/armv7e-m/fpu/crt0.o (memset)
c:/program files (x86)/gnu tools arm embedded/4.9 2015q3/bin/../lib/gcc/arm-none-eabi/4.9.3/../../../../arm-none-eabi/lib/armv7e-m/fpu\libc.a(lib_a-__call_atexit.o)
                              c:/program files (x86)/gnu tools arm embedded/4.9 2015q3/bin/../lib/gcc/arm-none-eabi/4.9.3/../../../../arm-none-eabi/lib/armv7e-m/fpu\libc.a(lib_a-exit.o) (__call_exitprocs)
c:/program files (x86)/gnu tools arm embedded/4.9 2015q3/bin/../lib/gcc/arm-none-eabi/4.9.3/../../../../arm-none-eabi/lib/armv7e-m/fpu\libc.a(lib_a-atexit.o)
                              c:/program files (x86)/gnu tools arm embedded/4.9 2015q3/bin/../lib/gcc/arm-none-eabi/4.9.3/../../../../arm-none-eabi/lib/armv7e-m/fpu\libc.a(lib_a-__call_atexit.o) (atexit)
c:/program files (x86)/gnu tools arm embedded/4.9 2015q3/bin/../lib/gcc/arm-none-eabi/4.9.3/../../../../arm-none-eabi/lib/armv7e-m/fpu\libc.a(lib_a-fini.o)
                              c:/program files (x86)/gnu tools arm embedded/4.9 2015q3/bin/../lib/gcc/arm-none-eabi/4.9.3/../../../../arm-none-eabi/lib/armv7e-m/fpu\libc.a(lib_a-__call_atexit.o) (__libc_fini_array)
c:/program files (x86)/gnu tools arm embedded/4.9 2015q3/bin/../lib/gcc/arm-none-eabi/4.9.3/../../../../arm-none-eabi/lib/armv7e-m/fpu\libc.a(lib_a-__atexit.o)
                              c:/program files (x86)/gnu tools arm embedded/4.9 2015q3/bin/../lib/gcc/arm-none-eabi/4.9.3/../../../../arm-none-eabi/lib/armv7e-m/fpu\libc.a(lib_a-atexit.o) (__register_exitproc)
..\..\..\Init\core\mpl\liblibmplmpu.a(compass_vec_cal.o)
                              ..\obj\main.o (inv_enable_vector_compass_cal)
..\..\..\Init\core\mpl\liblibmplmpu.a(fast_no_motion.o)
                              ..\obj\main.o (inv_enable_fast_nomot)
..\..\..\Init\core\mpl\liblibmplmpu.a(fusion_9axis.o)
                              ..\obj\main.o (inv_enable_9x_sensor_fusion)
..\..\..\Init\core\mpl\liblibmplmpu.a(gyro_tc.o)
                              ..\obj\main.o (inv_enable_gyro_tc)
..\..\..\Init\core\mpl\liblibmplmpu.a(mag_disturb.o)
                              ..\..\..\Init\core\mpl\liblibmplmpu.a(compass_vec_cal.o) (inv_set_magnetic_disturbance)
..\..\..\Init\core\mpl\liblibmplmpu.a(quaternion_supervisor.o)
                              ..\obj\main.o (inv_enable_quaternion)
..\..\..\Init\core\mpl\liblibmplmpu.a(accel_auto_cal.o)
                              ..\..\..\Init\core\mpl\liblibmplmpu.a(compass_vec_cal.o) (inv_init_check_sample_balance_parameter)
c:/program files (x86)/gnu tools arm embedded/4.9 2015q3/bin/../lib/gcc/arm-none-eabi/4.9.3/../../../../arm-none-eabi/lib/armv7e-m/fpu\libm.a(lib_a-s_atan.o)
                              ..\obj\mlmath.o (atan)
c:/program files (x86)/gnu tools arm embedded/4.9 2015q3/bin/../lib/gcc/arm-none-eabi/4.9.3/../../../../arm-none-eabi/lib/armv7e-m/fpu\libm.a(lib_a-s_ceil.o)
                              ..\obj\mlmath.o (ceil)
c:/program files (x86)/gnu tools arm embedded/4.9 2015q3/bin/../lib/gcc/arm-none-eabi/4.9.3/../../../../arm-none-eabi/lib/armv7e-m/fpu\libm.a(lib_a-s_cos.o)
                              ..\obj\mlmath.o (cos)
c:/program files (x86)/gnu tools arm embedded/4.9 2015q3/bin/../lib/gcc/arm-none-eabi/4.9.3/../../../../arm-none-eabi/lib/armv7e-m/fpu\libm.a(lib_a-s_fabs.o)
                              c:/program files (x86)/gnu tools arm embedded/4.9 2015q3/bin/../lib/gcc/arm-none-eabi/4.9.3/../../../../arm-none-eabi/lib/armv7e-m/fpu\libm.a(lib_a-s_atan.o) (fabs)
[...]
Memory Configuration

Name             Origin             Length             Attributes
FLASH            0x08000000         0x00100000         xr
RAM              0x20000000         0x00020000         xrw
MEMORY_B1        0x60000000         0x00000000         xr
CCMRAM           0x10000000         0x00010000         rw
*default*        0x00000000         0xffffffff

Linker script and memory map

LOAD c:/program files (x86)/gnu tools arm embedded/4.9 2015q3/bin/../lib/gcc/arm-none-eabi/4.9.3/armv7e-m/fpu/crti.o
LOAD c:/program files (x86)/gnu tools arm embedded/4.9 2015q3/bin/../lib/gcc/arm-none-eabi/4.9.3/armv7e-m/fpu/crtbegin.o
LOAD c:/program files (x86)/gnu tools arm embedded/4.9 2015q3/bin/../lib/gcc/arm-none-eabi/4.9.3/../../../../arm-none-eabi/lib/armv7e-m/fpu/crt0.o
                0x20020000                _estack = 0x20020000
                0x00000000                _Min_Heap_Size = 0x0
                0x00000400                _Min_Stack_Size = 0x400

.isr_vector     0x08000000      0x188
                0x08000000                . = ALIGN (0x4)
 *(.isr_vector)
 .isr_vector    0x08000000      0x188 ..\obj\startup_stm32f4xx.o
                0x08000000                g_pfnVectors
                0x08000188                . = ALIGN (0x4)

.text           0x08000188    0x191d0
                0x08000188                . = ALIGN (0x4)
 *(.text)
 .text          0x08000188       0x5c c:/program files (x86)/gnu tools arm embedded/4.9 2015q3/bin/../lib/gcc/arm-none-eabi/4.9.3/armv7e-m/fpu/crtbegin.o
 *fill*         0x080001e4        0x4 
 .text          0x080001e8     0x2430 ..\..\..\Init\core\mpl\liblibmplmpu.a(compass_vec_cal.o)
                0x080001e8                inv_start_vector_compass_cal
                0x08000410                inv_vector_compass_cal_sensitivity
                0x0800041c                inv_cheap_rand
                0x08000454                inv_cheap_gaussian
                0x08000518                inv_combine_compass_data
                0x0800068c                inv_set_terms
                0x08000998                inv_compute_bias
                0x0800113c                inv_center_sum
                0x08001844                inv_get_current_calibrated_compass
                0x0800189c                inv_add_compass_block_data
                0x0800194c                inv_check_sim
                0x08001ab8                inv_reset_data_collection
                0x080023a8                inv_process_compass_only_cal
                0x080024c4                inv_generate_vector_compass_cal
                0x0800256c                inv_stop_vector_compass_cal
                0x08002578                inv_init_vector_compass_cal
                0x080025e4                inv_enable_vector_compass_cal
                0x080025fc                inv_disable_vector_compass_cal
 .text          0x08002618      0xd90 ..\..\..\Init\core\mpl\liblibmplmpu.a(fast_no_motion.o)
                0x080027b4                inv_init_maxmin
                0x0800284c                inv_start_fast_nomot
                0x0800288c                inv_fast_nomot_parameter
                0x08002898                inv_fast_nomot_parameter_3rd
                0x08002978                inv_fast_nomot_set_gyro_bias
                0x08002a48                inv_set_fast_nomot_compass_threshold
                0x08002a54                int_set_fast_nomot_gyro_threshold
                0x08002a60                inv_set_fast_nomot_accel_threshold
                0x08002a6c                inv_get_fast_nomot_compass_param
                0x08002a8c                inv_get_fast_nomot_accel_param
                0x08002aac                inv_fast_nomot_store_data
                0x08002b4c                inv_fast_nomot_store_data_compass
                0x08002b98                inv_fast_nomot_reset_data_compass
                0x08002bc4                inv_fast_nomot_get_time_elaps
                0x08002bd0                inv_fast_nomot_parameter_compass
                0x08002be8                inv_get_right_shift_by_rounding
                0x08002c68                inv_reset_min_max_gyro_accel_statistics
                0x08002c9c                inv_record_max_moment_in_no_motion_gyro
                0x08002cd0                inv_record_max_moment_in_no_motion_accel
                0x08002d04                inv_record_min_moment_in_motion_gyro
                0x08002d38                inv_record_min_moment_in_motion_accel
                0x08002d6c                inv_detect_motion_by_gyro_accel
                0x08002eb0                inv_sensor_data_preprocess
                0x08002f50                inv_generate_fast_nomot
                0x0800329c                inv_set_default_number_of_samples
                0x080032ec                inv_init_fast_nomot
                0x08003354                inv_stop_fast_nomot
                0x0800336c                inv_enable_fast_nomot
                0x08003384                inv_disable_fast_nomot
                0x08003398                inv_get_fnm_gyro_no_motion_param
                0x080033a4                inv_fnm_debug_print
 .text          0x080033a8      0x760 ..\..\..\Init\core\mpl\liblibmplmpu.a(fusion_9axis.o)
                0x080033a8                inv_start_9x_sensor_fusion
                0x080033b8                inv_filter_correction_angle
                0x080035a8                inv_perform_9x_fusion
                0x080039c4                inv_process_9x_sensor_fusion_cb
                0x08003a5c                inv_init_9x_fusion
                0x08003a98                inv_9x_fusion_set_mag_fb
                0x08003aa8                inv_9x_fusion_enable_jitter_reduction
                0x08003ab8                inv_9x_fusion_use_timestamps
                0x08003ac8                inv_stop_9x_sensor_fusion
                0x08003ad4                inv_enable_9x_sensor_fusion
                0x08003af8                inv_disable_9x_sensor_fusion
 .text          0x08003b08      0x5a0 ..\..\..\Init\core\mpl\liblibmplmpu.a(gyro_tc.o)
                0x08003b08                inv_start_gyro_tc
                0x08003f80                inv_init_gyro_ts
                0x08003fb8                inv_set_gtc_max_temp
                0x08003fc8                inv_set_gtc_min_temp
                0x08003fd8                inv_set_gtc_min_diff
                0x08003fe8                inv_get_gyro_ts
                0x0800400c                inv_set_gyro_ts
                0x08004010                inv_set_gtc_order
                0x08004028                inv_print_gtc_data
                0x0800402c                inv_stop_gyro_tc
                0x08004038                inv_enable_gyro_tc
                0x08004078                inv_disable_gyro_tc
 .text          0x080040a8      0x680 ..\..\..\Init\core\mpl\liblibmplmpu.a(mag_disturb.o)
                0x080040a8                inv_start_magnetic_disturbance
                0x080040b8                inv_set_magnetic_disturbance
                0x080040d0                inv_init_magnetic_disturbance
                0x0800411c                inv_stop_magnetic_disturbance
                0x08004128                inv_enable_magnetic_disturbance
                0x08004154                inv_disable_magnetic_disturbance
                0x0800416c                inv_disable_dip_tracking
                0x0800417c                inv_enable_dip_tracking
                0x0800418c                inv_track_dip_angle
                0x08004224                ComputeAngleVelocity
                0x08004284                Mag3ofNormalizedLong
                0x080042d8                MagDisturbSetDisturbance
                0x08004358                MagDisturbCheckSettling
                0x080043b0                inv_check_magnetic_disturbance
                0x080046e4                inv_magnetic_disturbance_process
                0x0800471c                inv_get_magnetic_disturbance_state
 .text          0x08004728      0xa78 ..\..\..\Init\core\mpl\liblibmplmpu.a(quaternion_supervisor.o)
                0x080047f8                inv_start_quaternion
                0x08004964                inv_generate_gyro_quaternion
                0x08004970                inv_set_quaternion
                0x080049a0                inv_generate_accel_gyro_quaternion
                0x08005138                inv_stop_quaternion
                0x08005144                inv_init_quaternion
                0x08005168                inv_enable_quaternion
                0x08005180                inv_disable_quaternion
 .text          0x080051a0      0xd98 ..\..\..\Init\core\mpl\liblibmplmpu.a(accel_auto_cal.o)
                0x08005200                inv_start_in_use_auto_calibration
                0x080052c0                inv_init_accel_maxmin
                0x080052e0                inv_record_good_accel_maxmin
                0x08005318                inv_get_current_calibrated_accel
                0x0800535c                inv_sort_order_4_T
                0x08005400                inv_init_check_sample_balance
                0x0800541c                inv_init_check_sample_balance_parameter
                0x08005448                inv_add_accel_block_data
                0x080054fc                inv_add_vector_block_data
                0x080055b0                inv_check_sample_balance
                0x08005748                inv_auto_calibrate
                0x08005e50                inv_init_in_use_auto_calibration
                0x08005ee8                inv_stop_in_use_auto_calibration
                0x08005ef4                inv_enable_in_use_auto_calibration
                0x08005f0c                inv_disable_in_use_auto_calibration
                0x08005f28                inv_get_accel_bias_stage
 .text          0x08005f38      0x370 c:/program files (x86)/gnu tools arm embedded/4.9 2015q3/bin/../lib/gcc/arm-none-eabi/4.9.3/armv7e-m/fpu\libgcc.a(_arm_addsubdf3.o)
                0x08005f38                __aeabi_drsub
                0x08005f40                __aeabi_dsub
                0x08005f40                __subdf3
                0x08005f44                __aeabi_dadd
                0x08005f44                __adddf3
                0x080061bc                __floatunsidf
                0x080061bc                __aeabi_ui2d
                0x080061dc                __floatsidf
                0x080061dc                __aeabi_i2d
                0x08006200                __aeabi_f2d
                0x08006200                __extendsfdf2
                0x0800623c                __floatundidf
                0x0800623c                __aeabi_ul2d
                0x0800624c                __floatdidf
                0x0800624c                __aeabi_l2d
 .text          0x080062a8      0x424 c:/program files (x86)/gnu tools arm embedded/4.9 2015q3/bin/../lib/gcc/arm-none-eabi/4.9.3/armv7e-m/fpu\libgcc.a(_arm_muldivdf3.o)
                0x080062a8                __aeabi_dmul
                0x080062a8                __muldf3
                0x080064fc                __divdf3
                0x080064fc                __aeabi_ddiv
 .text          0x080066cc      0x110 c:/program files (x86)/gnu tools arm embedded/4.9 2015q3/bin/../lib/gcc/arm-none-eabi/4.9.3/armv7e-m/fpu\libgcc.a(_arm_cmpdf2.o)
                0x080066cc                __gtdf2
                0x080066cc                __gedf2
                0x080066d4                __ltdf2
                0x080066d4                __ledf2
                0x080066dc                __nedf2
                0x080066dc                __eqdf2
                0x080066dc                __cmpdf2
                0x08006758                __aeabi_cdrcmple
                0x08006768                __aeabi_cdcmpeq
                0x08006768                __aeabi_cdcmple
                0x08006778                __aeabi_dcmpeq
                0x0800678c                __aeabi_dcmplt
                0x080067a0                __aeabi_dcmple
                0x080067b4                __aeabi_dcmpge
                0x080067c8                __aeabi_dcmpgt
 .text          0x080067dc       0x50 c:/program files (x86)/gnu tools arm embedded/4.9 2015q3/bin/../lib/gcc/arm-none-eabi/4.9.3/armv7e-m/fpu\libgcc.a(_arm_fixdfsi.o)
                0x080067dc                __aeabi_d2iz
                0x080067dc                __fixdfsi
 .text          0x0800682c       0x40 c:/program files (x86)/gnu tools arm embedded/4.9 2015q3/bin/../lib/gcc/arm-none-eabi/4.9.3/armv7e-m/fpu\libgcc.a(_arm_fixunsdfsi.o)
                0x0800682c                __aeabi_d2uiz
                0x0800682c                __fixunsdfsi
 .text          0x0800686c       0xa0 c:/program files (x86)/gnu tools arm embedded/4.9 2015q3/bin/../lib/gcc/arm-none-eabi/4.9.3/armv7e-m/fpu\libgcc.a(_arm_truncdfsf2.o)
                0x0800686c                __truncdfsf2
                0x0800686c                __aeabi_d2f
 .text          0x0800690c      0x21c c:/program files (x86)/gnu tools arm embedded/4.9 2015q3/bin/../lib/gcc/arm-none-eabi/4.9.3/armv7e-m/fpu\libgcc.a(_arm_addsubsf3.o)
                0x0800690c                __aeabi_frsub
                0x08006914                __subsf3
                0x08006914                __aeabi_fsub
                0x08006918                __aeabi_fadd
                0x08006918                __addsf3
                0x08006a78                __aeabi_ui2f
                0x08006a78                __floatunsisf
                0x08006a80                __aeabi_i2f
                0x08006a80                __floatsisf
                0x08006a9c                __aeabi_ul2f
                0x08006a9c                __floatundisf
                0x08006aac                __aeabi_l2f
                0x08006aac                __floatdisf
 .text          0x08006b28       0x38 c:/program files (x86)/gnu tools arm embedded/4.9 2015q3/bin/../lib/gcc/arm-none-eabi/4.9.3/armv7e-m/fpu\libgcc.a(_aeabi_ldivmod.o)
                0x08006b28                __aeabi_ldivmod
 .text          0x08006b60       0x24 c:/program files (x86)/gnu tools arm embedded/4.9 2015q3/bin/../lib/gcc/arm-none-eabi/4.9.3/armv7e-m/fpu\libgcc.a(_fixsfdi.o)
                0x08006b60                __fixsfdi
                0x08006b60                __aeabi_f2lz
 .text          0x08006b84       0x4c c:/program files (x86)/gnu tools arm embedded/4.9 2015q3/bin/../lib/gcc/arm-none-eabi/4.9.3/armv7e-m/fpu\libgcc.a(_fixunssfdi.o)
                0x08006b84                __fixunssfdi
                0x08006b84                __aeabi_f2ulz
 .text          0x08006bd0       0x60 c:/program files (x86)/gnu tools arm embedded/4.9 2015q3/bin/../lib/gcc/arm-none-eabi/4.9.3/armv7e-m/fpu\libgcc.a(bpabi.o)
                0x08006bd0                __gnu_ldivmod_helper
                0x08006c00                __gnu_uldivmod_helper
 .text          0x08006c30        0x4 c:/program files (x86)/gnu tools arm embedded/4.9 2015q3/bin/../lib/gcc/arm-none-eabi/4.9.3/armv7e-m/fpu\libgcc.a(_dvmd_tls.o)
                0x08006c30                __aeabi_idiv0
                0x08006c30                __aeabi_ldiv0
 .text          0x08006c34      0x29c c:/program files (x86)/gnu tools arm embedded/4.9 2015q3/bin/../lib/gcc/arm-none-eabi/4.9.3/armv7e-m/fpu\libgcc.a(_divdi3.o)
                0x08006c34                __divdi3
 .text          0x08006ed0      0x26c c:/program files (x86)/gnu tools arm embedded/4.9 2015q3/bin/../lib/gcc/arm-none-eabi/4.9.3/armv7e-m/fpu\libgcc.a(_udivdi3.o)
                0x08006ed0                __udivdi3
 .text          0x0800713c      0x134 c:/program files (x86)/gnu tools arm embedded/4.9 2015q3/bin/../lib/gcc/arm-none-eabi/4.9.3/../../../../arm-none-eabi/lib/armv7e-m/fpu\libc.a(lib_a-memcpy.o)
                0x0800713c                memcpy
 .text          0x08007270       0x30 c:/program files (x86)/gnu tools arm embedded/4.9 2015q3/bin/../lib/gcc/arm-none-eabi/4.9.3/armv7e-m/fpu\libgcc.a(_aeabi_uldivmod.o)
                0x08007270                __aeabi_uldivmod
 *(.text*)
 .text.memset   0x080072a0       0x9c c:/program files (x86)/gnu tools arm embedded/4.9 2015q3/bin/../lib/gcc/arm-none-eabi/4.9.3/../../../../arm-none-eabi/lib/armv7e-m/fpu\libc.a(lib_a-memset.o)
                0x080072a0                memset
 .text.startup.register_fini
                0x0800733c       0x14 c:/program files (x86)/gnu tools arm embedded/4.9 2015q3/bin/../lib/gcc/arm-none-eabi/4.9.3/../../../../arm-none-eabi/lib/armv7e-m/fpu\libc.a(lib_a-__call_atexit.o)
 .text.atexit   0x08007350        0xc c:/program files (x86)/gnu tools arm embedded/4.9 2015q3/bin/../lib/gcc/arm-none-eabi/4.9.3/../../../../arm-none-eabi/lib/armv7e-m/fpu\libc.a(lib_a-atexit.o)
                0x08007350                atexit
 .text.__libc_fini_array
                0x0800735c       0x2c c:/program files (x86)/gnu tools arm embedded/4.9 2015q3/bin/../lib/gcc/arm-none-eabi/4.9.3/../../../../arm-none-eabi/lib/armv7e-m/fpu\libc.a(lib_a-fini.o)
                0x0800735c                __libc_fini_array
 .text.__register_exitproc
                0x08007388       0xa4 c:/program files (x86)/gnu tools arm embedded/4.9 2015q3/bin/../lib/gcc/arm-none-eabi/4.9.3/../../../../arm-none-eabi/lib/armv7e-m/fpu\libc.a(lib_a-__atexit.o)
                0x08007388                __register_exitproc
 .text.SYSCFG_EXTILineConfig
                0x0800742c       0x30 ..\obj\stm32f4xx_syscfg.o
                0x0800742c                SYSCFG_EXTILineConfig
 .text.inv_db_save_func
                0x0800745c       0x14 ..\obj\data_builder.o
 .text.inv_db_load_func
                0x08007470       0x38 ..\obj\data_builder.o
 .text.inv_init_data_builder
                0x080074a8       0x5c ..\obj\data_builder.o
                0x080074a8                inv_init_data_builder
 .text.inv_set_gyro_orientation_and_scale
                0x08007504       0x10 ..\obj\data_builder.o
                0x08007504                inv_set_gyro_orientation_and_scale
 .text.inv_set_gyro_sample_rate
                0x08007514       0x3c ..\obj\data_builder.o
                0x08007514                inv_set_gyro_sample_rate
 .text.inv_set_accel_sample_rate
                0x08007550       0x3c ..\obj\data_builder.o
                0x08007550                inv_set_accel_sample_rate
 .text.inv_set_compass_sample_rate
                0x0800758c       0x3c ..\obj\data_builder.o
                0x0800758c                inv_set_compass_sample_rate
 .text.inv_get_compass_on
                0x080075c8       0x10 ..\obj\data_builder.o
                0x080075c8                inv_get_compass_on
 .text.inv_get_gyro_on
                0x080075d8       0x10 ..\obj\data_builder.o
                0x080075d8                inv_get_gyro_on
 .text.inv_get_accel_on
                0x080075e8       0x10 ..\obj\data_builder.o
                0x080075e8                inv_get_accel_on
 .text.inv_get_last_timestamp
                0x080075f8       0x54 ..\obj\data_builder.o
                0x080075f8                inv_get_last_timestamp
 .text.inv_set_accel_orientation_and_scale
                0x0800764c       0x10 ..\obj\data_builder.o
                0x0800764c                inv_set_accel_orientation_and_scale
 .text.inv_set_compass_orientation_and_scale
                0x0800765c       0x10 ..\obj\data_builder.o
                0x0800765c                inv_set_compass_orientation_and_scale
 .text.inv_get_compass_bias
                0x0800766c       0x1c ..\obj\data_builder.o
                0x0800766c                inv_get_compass_bias
 .text.inv_set_compass_bias
                0x08007688       0xb8 ..\obj\data_builder.o
                0x08007688                inv_set_compass_bias
 .text.inv_set_compass_disturbance
                0x08007740        0xc ..\obj\data_builder.o
                0x08007740                inv_set_compass_disturbance
 .text.inv_set_accel_accuracy
                0x0800774c       0x20 ..\obj\data_builder.o
                0x0800774c                inv_set_accel_accuracy
 .text.inv_set_accel_bias_mask
                0x0800776c       0xc0 ..\obj\data_builder.o
                0x0800776c                inv_set_accel_bias_mask
 .text.inv_set_gyro_bias
                0x0800782c       0xd4 ..\obj\data_builder.o
                0x0800782c                inv_set_gyro_bias
 .text.inv_get_gyro_bias_tc_set
                0x08007900       0x1c ..\obj\data_builder.o
                0x08007900                inv_get_gyro_bias_tc_set
 .text.inv_get_gyro_bias
                0x0800791c       0x28 ..\obj\data_builder.o
                0x0800791c                inv_get_gyro_bias
 .text.inv_build_accel
                0x08007944       0xe4 ..\obj\data_builder.o
                0x08007944                inv_build_accel
 .text.inv_build_gyro
                0x08007a28       0xac ..\obj\data_builder.o
                0x08007a28                inv_build_gyro
 .text.inv_build_compass
                0x08007ad4      0x128 ..\obj\data_builder.o
                0x08007ad4                inv_build_compass
 .text.inv_register_data_cb
                0x08007bfc       0xc8 ..\obj\data_builder.o
                0x08007bfc                inv_register_data_cb
 .text.inv_unregister_data_cb
                0x08007cc4       0x5c ..\obj\data_builder.o
                0x08007cc4                inv_unregister_data_cb
 .text.inv_execute_on_data
                0x08007d20      0x1c4 ..\obj\data_builder.o
                0x08007d20                inv_execute_on_data
 .text.inv_get_accel_set
                0x08007ee4       0x34 ..\obj\data_builder.o
                0x08007ee4                inv_get_accel_set
 .text.inv_get_gyro
                0x08007f18       0x18 ..\obj\data_builder.o
                0x08007f18                inv_get_gyro
 .text.inv_get_compass_set
                0x08007f30       0x40 ..\obj\data_builder.o
                0x08007f30                inv_get_compass_set
 .text.inv_get_gyro_accuracy
                0x08007f70        0xc ..\obj\data_builder.o
                0x08007f70                inv_get_gyro_accuracy
 .text.inv_get_mag_accuracy
                0x08007f7c       0x18 ..\obj\data_builder.o
                0x08007f7c                inv_get_mag_accuracy
 .text.inv_get_accel_accuracy
                0x08007f94        0xc ..\obj\data_builder.o
                0x08007f94                inv_get_accel_accuracy
 .text.SetDW1000ChipSelLow
                0x08007fa0       0x10 ..\obj\spi.o
                0x08007fa0                SetDW1000ChipSelLow
 .text.SetDW1000ChipSelHigh
                0x08007fb0       0x10 ..\obj\spi.o
                0x08007fb0                SetDW1000ChipSelHigh
 .text.SPIUWBInit
                0x08007fc0       0xe8 ..\obj\spi.o
                0x08007fc0                SPIUWBInit
 .text.SendMultiByteToDW1000
                0x080080a8       0x30 ..\obj\spi.o
                0x080080a8                SendMultiByteToDW1000
 .text.SDIO_DeInit
                0x080080d8       0x1c ..\obj\stm32f4xx_sdio.o
                0x080080d8                SDIO_DeInit
 .text.SDIO_Init
                0x080080f4       0x34 ..\obj\stm32f4xx_sdio.o
                0x080080f4                SDIO_Init
 .text.SDIO_ClockCmd
                0x08008128        0xc ..\obj\stm32f4xx_sdio.o
                0x08008128                SDIO_ClockCmd
 .text.SDIO_SetPowerState
                0x08008134        0xc ..\obj\stm32f4xx_sdio.o
                0x08008134                SDIO_SetPowerState
 .text.SDIO_GetPowerState
                0x08008140       0x10 ..\obj\stm32f4xx_sdio.o
                0x08008140                SDIO_GetPowerState
 .text.SDIO_SendCommand
                0x08008150       0x2c ..\obj\stm32f4xx_sdio.o
                0x08008150                SDIO_SendCommand
 .text.SDIO_GetCommandResponse
                0x0800817c        0xc ..\obj\stm32f4xx_sdio.o
                0x0800817c                SDIO_GetCommandResponse
 .text.SDIO_GetResponse
                0x08008188       0x18 ..\obj\stm32f4xx_sdio.o
                0x08008188                SDIO_GetResponse
 .text.SDIO_DataConfig
                0x080081a0       0x2c ..\obj\stm32f4xx_sdio.o
                0x080081a0                SDIO_DataConfig
 .text.SDIO_ReadData
                0x080081cc        0xc ..\obj\stm32f4xx_sdio.o
                0x080081cc                SDIO_ReadData
 .text.SDIO_DMACmd
                0x080081d8        0xc ..\obj\stm32f4xx_sdio.o
                0x080081d8                SDIO_DMACmd
 .text.SDIO_ITConfig
                0x080081e4       0x18 ..\obj\stm32f4xx_sdio.o
                0x080081e4                SDIO_ITConfig
 .text.SDIO_GetFlagStatus
                0x080081fc       0x14 ..\obj\stm32f4xx_sdio.o
                0x080081fc                SDIO_GetFlagStatus
 .text.SDIO_ClearFlag
                0x08008210        0xc ..\obj\stm32f4xx_sdio.o
                0x08008210                SDIO_ClearFlag
 .text.SDIO_GetITStatus
                0x0800821c       0x14 ..\obj\stm32f4xx_sdio.o
                0x0800821c                SDIO_GetITStatus
 .text.SDIO_ClearITPendingBit
                0x08008230        0xc ..\obj\stm32f4xx_sdio.o
                0x08008230                SDIO_ClearITPendingBit
 .text.I2Cx_TIMEOUT_UserCallback.isra.0
                0x0800823c       0x6c ..\obj\i2c.o
 .text.I2cMaster_Init
                0x080082a8       0xb4 ..\obj\i2c.o
                0x080082a8                I2cMaster_Init
 .text.I2cMasterFuel_Init
                0x0800835c       0xb4 ..\obj\i2c.o
                0x0800835c                I2cMasterFuel_Init
 .text.ST_Sensors_I2C_WriteRegister
                0x08008410      0x188 ..\obj\i2c.o
                0x08008410                ST_Sensors_I2C_WriteRegister
 .text.Sensors_I2C_WriteRegister
                0x08008598       0x4c ..\obj\i2c.o
                0x08008598                Sensors_I2C_WriteRegister
 .text.ST_Fuel_I2C_WriteRegister
                0x080085e4      0x188 ..\obj\i2c.o
                0x080085e4                ST_Fuel_I2C_WriteRegister
 .text.Fuel_I2C_WriteRegister
                0x0800876c       0x4c ..\obj\i2c.o
                0x0800876c                Fuel_I2C_WriteRegister
 .text.ST_Sensors_I2C_ReadRegister
                0x080087b8      0x458 ..\obj\i2c.o
                0x080087b8                ST_Sensors_I2C_ReadRegister
 .text.Sensors_I2C_ReadRegister
                0x08008c10       0x4c ..\obj\i2c.o
                0x08008c10                Sensors_I2C_ReadRegister
 .text.Set_I2C_Retry
                0x08008c5c        0xc ..\obj\i2c.o
                0x08008c5c                Set_I2C_Retry
 .text.HAL_FuelGaugeConfig
                0x08008c68       0x40 ..\obj\fuel.o
                0x08008c68                HAL_FuelGaugeConfig
 .text.usleep   0x08008ca8       0x24 ..\obj\unistd.o
                0x08008ca8                usleep
 .text.mpu_set_bypass.constprop.8
                0x08008ccc       0x98 ..\obj\inv_mpu.o
 .text.mpu_set_bypass.constprop.9
                0x08008d64       0x98 ..\obj\inv_mpu.o
 .text.mpu_get_gyro_reg
                0x08008dfc       0x6c ..\obj\inv_mpu.o
                0x08008dfc                mpu_get_gyro_reg
 .text.mpu_get_accel_reg
                0x08008e68       0x6c ..\obj\inv_mpu.o
                0x08008e68                mpu_get_accel_reg
 .text.mpu_reset_fifo
                0x08008ed4      0x168 ..\obj\inv_mpu.o
                0x08008ed4                mpu_reset_fifo
 .text.mpu_get_gyro_fsr
                0x0800903c       0x44 ..\obj\inv_mpu.o
                0x0800903c                mpu_get_gyro_fsr
 .text.mpu_get_accel_fsr
                0x08009080       0x44 ..\obj\inv_mpu.o
                0x08009080                mpu_get_accel_fsr
 .text.mpu_get_sample_rate
                0x080090c4       0x1c ..\obj\inv_mpu.o
                0x080090c4                mpu_get_sample_rate
 .text.mpu_set_compass_sample_rate
                0x080090e0       0x54 ..\obj\inv_mpu.o
                0x080090e0                mpu_set_compass_sample_rate
 .text.mpu_configure_fifo
                0x08009134       0xb0 ..\obj\inv_mpu.o
                0x08009134                mpu_configure_fifo
 .text.mpu_lp_accel_mode
                0x080091e4      0x158 ..\obj\inv_mpu.o
                0x080091e4                mpu_lp_accel_mode
 .text.mpu_set_sample_rate
                0x0800933c      0x1a4 ..\obj\inv_mpu.o
                0x0800933c                mpu_set_sample_rate
 .text.mpu_set_sensors
                0x080094e0      0x1ec ..\obj\inv_mpu.o
                0x080094e0                mpu_set_sensors
 .text.mpu_init
                0x080096cc      0x300 ..\obj\inv_mpu.o
                0x080096cc                mpu_init
 .text.mpu_read_fifo
                0x080099cc      0x294 ..\obj\inv_mpu.o
                0x080099cc                mpu_read_fifo
 .text.mpu_write_mem
                0x08009c60       0x60 ..\obj\inv_mpu.o
                0x08009c60                mpu_write_mem
 .text.mpu_load_firmware
                0x08009cc0      0x150 ..\obj\inv_mpu.o
                0x08009cc0                mpu_load_firmware
 .text.mpu_set_dmp_state
                0x08009e10      0x104 ..\obj\inv_mpu.o
                0x08009e10                mpu_set_dmp_state
 .text.mpu_get_compass_reg
                0x08009f14       0xac ..\obj\inv_mpu.o
                0x08009f14                mpu_get_compass_reg
 .text.mpu_get_compass_fsr
                0x08009fc0       0x10 ..\obj\inv_mpu.o
                0x08009fc0                mpu_get_compass_fsr
 .text.USART_Init
                0x08009fd0       0xc4 ..\obj\stm32f4xx_usart.o
                0x08009fd0                USART_Init
 .text.USART_Cmd
                0x0800a094       0x1c ..\obj\stm32f4xx_usart.o
                0x0800a094                USART_Cmd
 .text.USART_SendData
                0x0800a0b0        0x8 ..\obj\stm32f4xx_usart.o
                0x0800a0b0                USART_SendData
 .text.USART_ReceiveData
                0x0800a0b8        0x8 ..\obj\stm32f4xx_usart.o
                0x0800a0b8                USART_ReceiveData
 .text.USART_ITConfig
                0x0800a0c0       0x3c ..\obj\stm32f4xx_usart.o
                0x0800a0c0                USART_ITConfig
 .text.InitializeM0M1
                0x0800a0fc       0x5c ..\obj\battery_charger_management.o
                0x0800a0fc                InitializeM0M1
 .text.SetMxHigh
                0x0800a158       0x5c ..\obj\battery_charger_management.o
                0x0800a158                SetMxHigh
 .text.SetMxLow
                0x0800a1b4       0x5c ..\obj\battery_charger_management.o
                0x0800a1b4                SetMxLow
 .text.PWR_BackupAccessCmd
                0x0800a210        0xc ..\obj\stm32f4xx_pwr.o
                0x0800a210                PWR_BackupAccessCmd
 .text.InitializeDecaIRQ
                0x0800a21c       0x70 ..\obj\deca_irq.o
                0x0800a21c                InitializeDecaIRQ
 .text.DisableDECAIRQ
                0x0800a28c       0x10 ..\obj\deca_irq.o
                0x0800a28c                DisableDECAIRQ
 .text.CmdResp1Error
                0x0800a29c       0xf8 ..\obj\stm32f4_discovery_sdio_sd.o
 .text.SD_GetStatus
                0x0800a394       0x70 ..\obj\stm32f4_discovery_sdio_sd.o
                0x0800a394                SD_GetStatus
 .text.SD_Detect
                0x0800a404       0x28 ..\obj\stm32f4_discovery_sdio_sd.o
                0x0800a404                SD_Detect
 .text.SD_PowerON
                0x0800a42c      0x264 ..\obj\stm32f4_discovery_sdio_sd.o
                0x0800a42c                SD_PowerON
 .text.SD_InitializeCards
                0x0800a690      0x190 ..\obj\stm32f4_discovery_sdio_sd.o
                0x0800a690                SD_InitializeCards
 .text.SD_GetCardInfo
                0x0800a820      0x2b4 ..\obj\stm32f4_discovery_sdio_sd.o
                0x0800a820                SD_GetCardInfo
 .text.SD_EnableWideBusOperation
                0x0800aad4      0x374 ..\obj\stm32f4_discovery_sdio_sd.o
                0x0800aad4                SD_EnableWideBusOperation
 .text.SD_SelectDeselect
                0x0800ae48      0x110 ..\obj\stm32f4_discovery_sdio_sd.o
                0x0800ae48                SD_SelectDeselect
 .text.SD_Init  0x0800af58       0xb8 ..\obj\stm32f4_discovery_sdio_sd.o
                0x0800af58                SD_Init
 .text.SD_WaitReadOperation
                0x0800b010      0x10c ..\obj\stm32f4_discovery_sdio_sd.o
                0x0800b010                SD_WaitReadOperation
 .text.SD_WriteMultiBlocksFIXED
                0x0800b11c      0x230 ..\obj\stm32f4_discovery_sdio_sd.o
                0x0800b11c                SD_WriteMultiBlocksFIXED
 .text.SD_ReadMultiBlocksFIXED
                0x0800b34c      0x1e8 ..\obj\stm32f4_discovery_sdio_sd.o
                0x0800b34c                SD_ReadMultiBlocksFIXED
 .text.SD_WaitWriteOperation
                0x0800b534      0x10c ..\obj\stm32f4_discovery_sdio_sd.o
                0x0800b534                SD_WaitWriteOperation
 .text.SD_ProcessIRQSrc
                0x0800b640       0xb4 ..\obj\stm32f4_discovery_sdio_sd.o
                0x0800b640                SD_ProcessIRQSrc
 .text.SD_ProcessDMAIRQ
                0x0800b6f4       0x28 ..\obj\stm32f4_discovery_sdio_sd.o
                0x0800b6f4                SD_ProcessDMAIRQ
 .text.board_init
                0x0800b71c       0x2c ..\obj\board-st_discovery.o
                0x0800b71c                board_init
 .text.mdelay   0x0800b748        0xc ..\obj\board-st_discovery.o
                0x0800b748                mdelay
 .text.get_tick_count
                0x0800b754       0x10 ..\obj\board-st_discovery.o
                0x0800b754                get_tick_count
 .text.dwt_entersleep
                0x0800b764       0x40 ..\obj\deca_device.o
                0x0800b764                dwt_entersleep
 .text.dwt_configuresleep
                0x0800b7a4       0x48 ..\obj\deca_device.o
                0x0800b7a4                dwt_configuresleep
 .text.writetospi
                0x0800b7ec       0x28 ..\obj\deca_spi.o
                0x0800b7ec                writetospi
 .text.inv_init_storage_manager
                0x0800b814       0x1c ..\obj\storage_manager.o
                0x0800b814                inv_init_storage_manager
 .text.inv_register_load_store
                0x0800b830       0x70 ..\obj\storage_manager.o
                0x0800b830                inv_register_load_store
 .text.InitExtUART
                0x0800b8a0       0xac ..\obj\uart.o
                0x0800b8a0                InitExtUART
 .text.USART1_IRQHandler
                0x0800b94c       0x1c ..\obj\uart.o
                0x0800b94c                USART1_IRQHandler
 .text.USART6_IRQHandler
                0x0800b968       0x1c ..\obj\uart.o
                0x0800b968                USART6_IRQHandler
 .text.disk_initialize
                0x0800b984       0x14 ..\obj\diskio.o
                0x0800b984                disk_initialize
 .text.disk_status
                0x0800b998       0x10 ..\obj\diskio.o
                0x0800b998                disk_status
 .text.disk_read
                0x0800b9a8       0xb0 ..\obj\diskio.o
                0x0800b9a8                disk_read
 .text.disk_write
                0x0800ba58       0xb0 ..\obj\diskio.o
                0x0800ba58                disk_write
 .text.disk_ioctl
                0x0800bb08        0x4 ..\obj\diskio.o
                0x0800bb08                disk_ioctl
 .text.get_fattime
                0x0800bb0c        0x4 ..\obj\diskio.o
                0x0800bb0c                get_fattime
 .text.Default_Handler
                0x0800bb10        0x4 ..\obj\startup_stm32f4xx.o
                0x0800bb10                RTC_Alarm_IRQHandler
                0x0800bb10                HASH_RNG_IRQHandler
                0x0800bb10                TIM8_CC_IRQHandler
                0x0800bb10                TIM1_CC_IRQHandler
                0x0800bb10                DMA2_Stream5_IRQHandler
                0x0800bb10                HardFault_Handler
                0x0800bb10                DMA1_Stream5_IRQHandler
                0x0800bb10                PVD_IRQHandler
                0x0800bb10                TAMP_STAMP_IRQHandler
                0x0800bb10                CAN2_RX1_IRQHandler
                0x0800bb10                TIM8_TRG_COM_TIM14_IRQHandler
                0x0800bb10                TIM1_UP_TIM10_IRQHandler
                0x0800bb10                TIM8_UP_TIM13_IRQHandler
                0x0800bb10                I2C3_ER_IRQHandler
                0x0800bb10                EXTI0_IRQHandler
                0x0800bb10                I2C2_EV_IRQHandler
                0x0800bb10                DMA1_Stream2_IRQHandler
                0x0800bb10                CAN1_RX0_IRQHandler
                0x0800bb10                FPU_IRQHandler
                0x0800bb10                OTG_HS_WKUP_IRQHandler
                0x0800bb10                CAN2_SCE_IRQHandler
                0x0800bb10                DMA2_Stream2_IRQHandler
                0x0800bb10                SPI1_IRQHandler
                0x0800bb10                TIM6_DAC_IRQHandler
                0x0800bb10                TIM1_BRK_TIM9_IRQHandler
                0x0800bb10                DCMI_IRQHandler
                0x0800bb10                CAN2_RX0_IRQHandler
                0x0800bb10                USART3_IRQHandler
                0x0800bb10                CRYP_IRQHandler
                0x0800bb10                CAN1_RX1_IRQHandler
                0x0800bb10                UART5_IRQHandler
                0x0800bb10                DMA2_Stream0_IRQHandler
                0x0800bb10                I2C1_EV_IRQHandler
                0x0800bb10                DMA1_Stream6_IRQHandler
                0x0800bb10                DMA1_Stream1_IRQHandler
                0x0800bb10                UART4_IRQHandler
                0x0800bb10                TIM3_IRQHandler
                0x0800bb10                RCC_IRQHandler
                0x0800bb10                TIM8_BRK_TIM12_IRQHandler
                0x0800bb10                ADC_IRQHandler
                0x0800bb10                DMA1_Stream7_IRQHandler
                0x0800bb10                TIM7_IRQHandler
                0x0800bb10                CAN2_TX_IRQHandler
                0x0800bb10                TIM5_IRQHandler
                0x0800bb10                DMA2_Stream7_IRQHandler
                0x0800bb10                I2C3_EV_IRQHandler
                0x0800bb10                EXTI9_5_IRQHandler
                0x0800bb10                RTC_WKUP_IRQHandler
                0x0800bb10                ETH_WKUP_IRQHandler
                0x0800bb10                SPI2_IRQHandler
                0x0800bb10                OTG_HS_EP1_IN_IRQHandler
                0x0800bb10                DMA1_Stream0_IRQHandler
                0x0800bb10                CAN1_TX_IRQHandler
                0x0800bb10                EXTI4_IRQHandler
                0x0800bb10                FSMC_IRQHandler
                0x0800bb10                ETH_IRQHandler
                0x0800bb10                OTG_HS_EP1_OUT_IRQHandler
                0x0800bb10                WWDG_IRQHandler
                0x0800bb10                TIM2_IRQHandler
                0x0800bb10                OTG_FS_WKUP_IRQHandler
                0x0800bb10                TIM1_TRG_COM_TIM11_IRQHandler
                0x0800bb10                OTG_HS_IRQHandler
                0x0800bb10                EXTI1_IRQHandler
                0x0800bb10                USART2_IRQHandler
                0x0800bb10                I2C2_ER_IRQHandler
                0x0800bb10                DMA2_Stream1_IRQHandler
                0x0800bb10                CAN1_SCE_IRQHandler
                0x0800bb10                FLASH_IRQHandler
                0x0800bb10                DMA2_Stream4_IRQHandler
                0x0800bb10                SPI3_IRQHandler
                0x0800bb10                DMA1_Stream4_IRQHandler
                0x0800bb10                I2C1_ER_IRQHandler
                0x0800bb10                DMA2_Stream6_IRQHandler
                0x0800bb10                DMA1_Stream3_IRQHandler
 .text.Default_Reset_Handler
                0x0800bb14       0x5c ..\obj\startup_stm32f4xx.o
                0x0800bb14                Default_Reset_Handler
                0x0800bb14                Reset_Handler
 .text.inv_init_mpl
                0x0800bb70       0x40 ..\obj\mpl.o
                0x0800bb70                inv_init_mpl
 .text.inv_start_mpl
                0x0800bbb0       0x18 ..\obj\mpl.o
                0x0800bbb0                inv_start_mpl
 .text.SD_LowLevel_Init
                0x0800bbc8       0xc4 ..\obj\stm32f4_discovery.o
                0x0800bbc8                SD_LowLevel_Init
 .text.SD_LowLevel_DMA_TxConfig
                0x0800bc8c       0xa8 ..\obj\stm32f4_discovery.o
                0x0800bc8c                SD_LowLevel_DMA_TxConfig
 .text.SD_LowLevel_DMA_RxConfig
                0x0800bd34       0xa4 ..\obj\stm32f4_discovery.o
                0x0800bd34                SD_LowLevel_DMA_RxConfig
 .text.inv_get_sensor_type_gravity
                0x0800bdd8       0x64 ..\obj\hal_outputs.o
                0x0800bdd8                inv_get_sensor_type_gravity
 .text.gyro_data_ready_cb
                0x0800be3c       0x10 ..\obj\main.o
                0x0800be3c                gyro_data_ready_cb
 .text.NVIC_Configuration
                0x0800be4c       0x3c ..\obj\main.o
                0x0800be4c                NVIC_Configuration
 .text.startup.main
                0x0800be88      0xa2c ..\obj\main.o
                0x0800be88                main
 .text.SDIO_IRQHandler
                0x0800c8b4        0x4 ..\obj\main.o
                0x0800c8b4                SDIO_IRQHandler
 .text.DMA2_Stream3_IRQHandler
                0x0800c8b8        0x4 ..\obj\main.o
                0x0800c8b8                DMA2_Stream3_IRQHandler
 .text.RCC_HSEConfig
                0x0800c8bc       0x10 ..\obj\stm32f4xx_rcc.o
                0x0800c8bc                RCC_HSEConfig
 .text.RCC_WaitForHSEStartUp
                0x0800c8cc       0x34 ..\obj\stm32f4xx_rcc.o
                0x0800c8cc                RCC_WaitForHSEStartUp
 .text.RCC_GetClocksFreq
                0x0800c900       0x90 ..\obj\stm32f4xx_rcc.o
                0x0800c900                RCC_GetClocksFreq
 .text.RCC_BackupResetCmd
                0x0800c990        0xc ..\obj\stm32f4xx_rcc.o
                0x0800c990                RCC_BackupResetCmd
 .text.RCC_AHB1PeriphClockCmd
                0x0800c99c       0x18 ..\obj\stm32f4xx_rcc.o
                0x0800c99c                RCC_AHB1PeriphClockCmd
 .text.RCC_APB1PeriphClockCmd
                0x0800c9b4       0x18 ..\obj\stm32f4xx_rcc.o
                0x0800c9b4                RCC_APB1PeriphClockCmd
 .text.RCC_APB2PeriphClockCmd
                0x0800c9cc       0x18 ..\obj\stm32f4xx_rcc.o
                0x0800c9cc                RCC_APB2PeriphClockCmd
 .text.RCC_APB1PeriphResetCmd
                0x0800c9e4       0x18 ..\obj\stm32f4xx_rcc.o
                0x0800c9e4                RCC_APB1PeriphResetCmd
 .text.RCC_APB2PeriphResetCmd
                0x0800c9fc       0x18 ..\obj\stm32f4xx_rcc.o
                0x0800c9fc                RCC_APB2PeriphResetCmd
 .text.inv_init_start_manager
                0x0800ca14       0x14 ..\obj\start_manager.o
                0x0800ca14                inv_init_start_manager
 .text.inv_unregister_mpl_start_notification
                0x0800ca28       0x54 ..\obj\start_manager.o
                0x0800ca28                inv_unregister_mpl_start_notification
 .text.inv_register_mpl_start_notification
                0x0800ca7c       0x20 ..\obj\start_manager.o
                0x0800ca7c                inv_register_mpl_start_notification
 .text.inv_execute_mpl_start_notification
                0x0800ca9c       0x34 ..\obj\start_manager.o
                0x0800ca9c                inv_execute_mpl_start_notification
 .text.NMI_Handler
                0x0800cad0        0x4 ..\obj\stm32f4xx_it.o
                0x0800cad0                NMI_Handler
 .text.MemManage_Handler
                0x0800cad4        0x4 ..\obj\stm32f4xx_it.o
                0x0800cad4                MemManage_Handler
 .text.BusFault_Handler
                0x0800cad8        0x4 ..\obj\stm32f4xx_it.o
                0x0800cad8                BusFault_Handler
 .text.UsageFault_Handler
                0x0800cadc        0x4 ..\obj\stm32f4xx_it.o
                0x0800cadc                UsageFault_Handler
 .text.SVC_Handler
                0x0800cae0        0x4 ..\obj\stm32f4xx_it.o
                0x0800cae0                SVC_Handler
 .text.DebugMon_Handler
                0x0800cae4        0x4 ..\obj\stm32f4xx_it.o
                0x0800cae4                DebugMon_Handler
 .text.PendSV_Handler
                0x0800cae8        0x4 ..\obj\stm32f4xx_it.o
                0x0800cae8                PendSV_Handler
 .text.SysTick_Handler
                0x0800caec       0x10 ..\obj\stm32f4xx_it.o
                0x0800caec                SysTick_Handler
 .text.EXTI2_IRQHandler
                0x0800cafc       0x10 ..\obj\stm32f4xx_it.o
                0x0800cafc                EXTI2_IRQHandler
 .text.TIM4_IRQHandler
                0x0800cb0c       0x60 ..\obj\stm32f4xx_it.o
                0x0800cb0c                TIM4_IRQHandler
 .text.OTG_FS_IRQHandler
                0x0800cb6c        0x4 ..\obj\stm32f4xx_it.o
                0x0800cb6c                OTG_FS_IRQHandler
 .text.GPIO_Config
                0x0800cb70       0x78 ..\obj\gpio.o
                0x0800cb70                GPIO_Config
 .text.SysTick_Init
                0x0800cbe8       0x48 ..\obj\sys_clock.o
                0x0800cbe8                SysTick_Init
 .text.GetTickCount
                0x0800cc30        0xc ..\obj\sys_clock.o
                0x0800cc30                GetTickCount
 .text.quaternion_product
                0x0800cc3c      0x20c ..\obj\quaternion.o
                0x0800cc3c                quaternion_product
 .text.compute_euler_angles
                0x0800ce48      0x1a8 ..\obj\quaternion.o
                0x0800ce48                compute_euler_angles
 .text.gradient_descent
                0x0800cff0      0x624 ..\obj\quaternion.o
                0x0800cff0                gradient_descent
 *fill*         0x0800d614        0x4 
 .text.quaternion_calc
                0x0800d618      0x4a4 ..\obj\quaternion.o
                0x0800d618                quaternion_calc
 .text.InitializeLEDS
                0x0800dabc      0x128 ..\obj\leds.o
                0x0800dabc                InitializeLEDS
 .text.BLE_enable
                0x0800dbe4       0x10 ..\obj\leds.o
                0x0800dbe4                BLE_enable
 .text.BLE_disable
                0x0800dbf4       0x10 ..\obj\leds.o
                0x0800dbf4                BLE_disable
 .text.SD_enable
                0x0800dc04       0x10 ..\obj\leds.o
                0x0800dc04                SD_enable
 .text.SD_disable
                0x0800dc14       0x10 ..\obj\leds.o
                0x0800dc14                SD_disable
 .text.BME_enable
                0x0800dc24       0x10 ..\obj\leds.o
                0x0800dc24                BME_enable
 .text.BME_disable
                0x0800dc34       0x10 ..\obj\leds.o
                0x0800dc34                BME_disable
 .text.SwitchOnLED
                0x0800dc44       0x8c ..\obj\leds.o
                0x0800dc44                SwitchOnLED
 .text.SwitchOffLED
                0x0800dcd0       0x8c ..\obj\leds.o
                0x0800dcd0                SwitchOffLED
 .text.EXTI15_10_IRQHandler
                0x0800dd5c       0x50 ..\obj\leds.o
                0x0800dd5c                EXTI15_10_IRQHandler
 .text.FuelG_alert_init
                0x0800ddac       0x78 ..\obj\leds.o
                0x0800ddac                FuelG_alert_init
 .text.EXTI3_IRQHandler
                0x0800de24       0x44 ..\obj\leds.o
                0x0800de24                EXTI3_IRQHandler
 .text.dmp_load_motion_driver_firmware
                0x0800de68       0x14 ..\obj\inv_mpu_dmp_motion_driver.o
                0x0800de68                dmp_load_motion_driver_firmware
 .text.dmp_set_fifo_rate
                0x0800de7c       0x60 ..\obj\inv_mpu_dmp_motion_driver.o
                0x0800de7c                dmp_set_fifo_rate
 .text.dmp_set_tap_thresh
                0x0800dedc      0x16c ..\obj\inv_mpu_dmp_motion_driver.o
                0x0800dedc                dmp_set_tap_thresh
 .text.dmp_enable_feature
                0x0800e048      0x2bc ..\obj\inv_mpu_dmp_motion_driver.o
                0x0800e048                dmp_enable_feature
 .text.GPIO_Init
                0x0800e304       0xb4 ..\obj\stm32f4xx_gpio.o
                0x0800e304                GPIO_Init
 .text.GPIO_ReadInputDataBit
                0x0800e3b8        0xc ..\obj\stm32f4xx_gpio.o
                0x0800e3b8                GPIO_ReadInputDataBit
 .text.GPIO_WriteBit
                0x0800e3c4        0xc ..\obj\stm32f4xx_gpio.o
                0x0800e3c4                GPIO_WriteBit
 .text.GPIO_PinAFConfig
                0x0800e3d0       0x28 ..\obj\stm32f4xx_gpio.o
                0x0800e3d0                GPIO_PinAFConfig
 .text.inv_generate_results
                0x0800e3f8       0x10 ..\obj\results_holder.o
                0x0800e3f8                inv_generate_results
 .text.inv_start_results_holder
                0x0800e408       0x18 ..\obj\results_holder.o
                0x0800e408                inv_start_results_holder
 .text.inv_store_gaming_quaternion
                0x0800e420       0x28 ..\obj\results_holder.o
                0x0800e420                inv_store_gaming_quaternion
 .text.inv_set_compass_correction
                0x0800e448       0x28 ..\obj\results_holder.o
                0x0800e448                inv_set_compass_correction
 .text.inv_get_compass_correction
                0x0800e470       0x24 ..\obj\results_holder.o
                0x0800e470                inv_get_compass_correction
 .text.inv_get_large_mag_field
                0x0800e494        0xc ..\obj\results_holder.o
                0x0800e494                inv_get_large_mag_field
 .text.inv_get_acc_state
                0x0800e4a0        0xc ..\obj\results_holder.o
                0x0800e4a0                inv_get_acc_state
 .text.inv_get_motion_state
                0x0800e4ac       0x10 ..\obj\results_holder.o
                0x0800e4ac                inv_get_motion_state
 .text.inv_set_motion_state
                0x0800e4bc       0x3c ..\obj\results_holder.o
                0x0800e4bc                inv_set_motion_state
 .text.inv_get_local_field
                0x0800e4f8       0x18 ..\obj\results_holder.o
                0x0800e4f8                inv_get_local_field
 .text.inv_get_gravity
                0x0800e510       0x54 ..\obj\results_holder.o
                0x0800e510                inv_get_gravity
 .text.inv_get_6axis_quaternion
                0x0800e564       0x1c ..\obj\results_holder.o
                0x0800e564                inv_get_6axis_quaternion
 .text.inv_get_quaternion
                0x0800e580       0x38 ..\obj\results_holder.o
                0x0800e580                inv_get_quaternion
 .text.inv_get_quaternion_set
                0x0800e5b8       0x6c ..\obj\results_holder.o
                0x0800e5b8                inv_get_quaternion_set
 .text.inv_enable_results_holder
                0x0800e624       0x3c ..\obj\results_holder.o
                0x0800e624                inv_enable_results_holder
 .text.inv_set_accel_bias_found
                0x0800e660        0xc ..\obj\results_holder.o
                0x0800e660                inv_set_accel_bias_found
 .text.inv_got_compass_bias
                0x0800e66c        0xc ..\obj\results_holder.o
                0x0800e66c                inv_got_compass_bias
 .text.inv_set_compass_bias_found
                0x0800e678        0xc ..\obj\results_holder.o
                0x0800e678                inv_set_compass_bias_found
 .text.inv_set_compass_state
                0x0800e684        0xc ..\obj\results_holder.o
                0x0800e684                inv_set_compass_state
 .text.inv_get_compass_state
                0x0800e690        0xc ..\obj\results_holder.o
                0x0800e690                inv_get_compass_state
 .text.inv_set_compass_bias_error
                0x0800e69c       0x14 ..\obj\results_holder.o
                0x0800e69c                inv_set_compass_bias_error
 .text.inv_get_linear_accel
                0x0800e6b0       0x7c ..\obj\results_holder.o
                0x0800e6b0                inv_get_linear_accel
 .text.inv_get_linear_accel_float
                0x0800e72c       0xb8 ..\obj\results_holder.o
                0x0800e72c                inv_get_linear_accel_float
 .text.SystemInit
                0x0800e7e4      0x124 ..\obj\system_stm32f4xx.o
                0x0800e7e4                SystemInit
 .text._sbrk    0x0800e908       0x34 ..\obj\syscalls.o
                0x0800e908                _sbrk
 .text._times_r
                0x0800e93c       0x18 ..\obj\syscalls.o
                0x0800e93c                _times_r
 .text.DMA_DeInit
                0x0800e954      0x130 ..\obj\stm32f4xx_dma.o
                0x0800e954                DMA_DeInit
 .text.DMA_Init
                0x0800ea84       0x70 ..\obj\stm32f4xx_dma.o
                0x0800ea84                DMA_Init
 .text.DMA_Cmd  0x0800eaf4       0x14 ..\obj\stm32f4xx_dma.o
                0x0800eaf4                DMA_Cmd
 .text.DMA_FlowControllerConfig
                0x0800eb08       0x14 ..\obj\stm32f4xx_dma.o
                0x0800eb08                DMA_FlowControllerConfig
 .text.DMA_ClearFlag
                0x0800eb1c       0x34 ..\obj\stm32f4xx_dma.o
                0x0800eb1c                DMA_ClearFlag
 .text.DMA_ITConfig
                0x0800eb50       0x40 ..\obj\stm32f4xx_dma.o
                0x0800eb50                DMA_ITConfig
 .text.move_window
                0x0800eb90       0x7c ..\obj\ff.o
 .text.sync     0x0800ec0c      0x10c ..\obj\ff.o
 .text.put_fat.part.6
                0x0800ed18      0x2dc ..\obj\ff.o
 .text.remove_chain.part.8
                0x0800eff4      0x2e0 ..\obj\ff.o
 .text.get_fat.part.4
                0x0800f2d4      0x27c ..\obj\ff.o
 .text.dir_sdi  0x0800f550       0xa8 ..\obj\ff.o
 .text.create_chain
                0x0800f5f8      0x370 ..\obj\ff.o
 .text.dir_register
                0x0800f968      0x2dc ..\obj\ff.o
 .text.follow_path
                0x0800fc44      0x34c ..\obj\ff.o
 .text.f_mount  0x0800ff90       0x20 ..\obj\ff.o
                0x0800ff90                f_mount
 .text.f_open   0x0800ffb0      0x654 ..\obj\ff.o
                0x0800ffb0                f_open
 .text.f_write  0x08010604      0x2d8 ..\obj\ff.o
                0x08010604                f_write
 .text.f_close  0x080108dc      0x130 ..\obj\ff.o
                0x080108dc                f_close
 .text.f_lseek  0x08010a0c      0x18c ..\obj\ff.o
                0x08010a0c                f_lseek
 .text.inv_set_message
                0x08010b98       0x14 ..\obj\message_layer.o
                0x08010b98                inv_set_message
 .text.SPI_I2S_DeInit
                0x08010bac       0x6c ..\obj\stm32f4xx_spi.o
                0x08010bac                SPI_I2S_DeInit
 .text.SPI_Init
                0x08010c18       0x50 ..\obj\stm32f4xx_spi.o
                0x08010c18                SPI_Init
 .text.SPI_Cmd  0x08010c68       0x1c ..\obj\stm32f4xx_spi.o
                0x08010c68                SPI_Cmd
 .text.SPI_I2S_ReceiveData
                0x08010c84        0x8 ..\obj\stm32f4xx_spi.o
                0x08010c84                SPI_I2S_ReceiveData
 .text.SPI_I2S_SendData
                0x08010c8c        0x4 ..\obj\stm32f4xx_spi.o
                0x08010c8c                SPI_I2S_SendData
 .text.SPI_I2S_GetFlagStatus
                0x08010c90        0xc ..\obj\stm32f4xx_spi.o
                0x08010c90                SPI_I2S_GetFlagStatus
 .text.I2C_DeInit
                0x08010c9c       0x6c ..\obj\stm32f4xx_i2c.o
                0x08010c9c                I2C_DeInit
 .text.I2C_Init
                0x08010d08       0xe8 ..\obj\stm32f4xx_i2c.o
                0x08010d08                I2C_Init
 .text.I2C_Cmd  0x08010df0       0x1c ..\obj\stm32f4xx_i2c.o
                0x08010df0                I2C_Cmd
 .text.I2C_GenerateSTART
                0x08010e0c       0x1c ..\obj\stm32f4xx_i2c.o
                0x08010e0c                I2C_GenerateSTART
 .text.I2C_GenerateSTOP
                0x08010e28       0x1c ..\obj\stm32f4xx_i2c.o
                0x08010e28                I2C_GenerateSTOP
 .text.I2C_Send7bitAddress
                0x08010e44       0x18 ..\obj\stm32f4xx_i2c.o
                0x08010e44                I2C_Send7bitAddress
 .text.I2C_AcknowledgeConfig
                0x08010e5c       0x1c ..\obj\stm32f4xx_i2c.o
                0x08010e5c                I2C_AcknowledgeConfig
 .text.I2C_SoftwareResetCmd
                0x08010e78       0x1c ..\obj\stm32f4xx_i2c.o
                0x08010e78                I2C_SoftwareResetCmd
 .text.I2C_SendData
                0x08010e94        0x4 ..\obj\stm32f4xx_i2c.o
                0x08010e94                I2C_SendData
 .text.I2C_ReceiveData
                0x08010e98        0x8 ..\obj\stm32f4xx_i2c.o
                0x08010e98                I2C_ReceiveData
 .text.I2C_ReadRegister
                0x08010ea0       0x18 ..\obj\stm32f4xx_i2c.o
                0x08010ea0                I2C_ReadRegister
 .text.I2C_GetFlagStatus
                0x08010eb8       0x38 ..\obj\stm32f4xx_i2c.o
                0x08010eb8                I2C_GetFlagStatus
 .text.I2C_ClearFlag
                0x08010ef0        0x8 ..\obj\stm32f4xx_i2c.o
                0x08010ef0                I2C_ClearFlag
 .text.filter_sample
                0x08010ef8        0x4 ..\obj\preprocessing.o
                0x08010ef8                filter_sample
 *fill*         0x08010efc        0x4 
 .text.median_helper
                0x08010f00       0xe4 ..\obj\preprocessing.o
                0x08010f00                median_helper
 .text.median_filter
                0x08010fe4       0x9c ..\obj\preprocessing.o
                0x08010fe4                median_filter
 .text.EXTI_Init
                0x08011080       0x7c ..\obj\stm32f4xx_exti.o
                0x08011080                EXTI_Init
 .text.EXTI_GetITStatus
                0x080110fc       0x1c ..\obj\stm32f4xx_exti.o
                0x080110fc                EXTI_GetITStatus
 .text.EXTI_ClearITPendingBit
                0x08011118        0xc ..\obj\stm32f4xx_exti.o
                0x08011118                EXTI_ClearITPendingBit
 .text.inv_compass_angle
                0x08011124      0x210 ..\obj\ml_math_func.o
                0x08011124                inv_compass_angle
 .text.inv_get_gyro_sum_of_sqr
                0x08011334       0x18 ..\obj\ml_math_func.o
                0x08011334                inv_get_gyro_sum_of_sqr
 .text.inv_q29_mult
                0x0801134c        0xc ..\obj\ml_math_func.o
                0x0801134c                inv_q29_mult
 .text.inv_q30_mult
                0x08011358        0xc ..\obj\ml_math_func.o
                0x08011358                inv_q30_mult
 .text.inv_q_mult
                0x08011364      0x164 ..\obj\ml_math_func.o
                0x08011364                inv_q_mult
 .text.inv_q_add
                0x080114c8       0x28 ..\obj\ml_math_func.o
                0x080114c8                inv_q_add
 .text.inv_q_invert
                0x080114f0       0x18 ..\obj\ml_math_func.o
                0x080114f0                inv_q_invert
 .text.inv_q_rotate
                0x08011508      0x1f4 ..\obj\ml_math_func.o
                0x08011508                inv_q_rotate
 .text.inv_q_multf
                0x080116fc       0xd4 ..\obj\ml_math_func.o
                0x080116fc                inv_q_multf
 .text.inv_q_addf
                0x080117d0       0x44 ..\obj\ml_math_func.o
                0x080117d0                inv_q_addf
 .text.inv_q_normalizef
                0x08011814       0xa8 ..\obj\ml_math_func.o
                0x08011814                inv_q_normalizef
 .text.inv_q_norm4
                0x080118bc       0x98 ..\obj\ml_math_func.o
                0x080118bc                inv_q_norm4
 .text.inv_q_invertf
                0x08011954       0x2c ..\obj\ml_math_func.o
                0x08011954                inv_q_invertf
 .text.inv_quaternion_to_rotation
                0x08011980      0x128 ..\obj\ml_math_func.o
                0x08011980                inv_quaternion_to_rotation
 .text.inv_orientation_matrix_to_scalar
                0x08011aa8      0x150 ..\obj\ml_math_func.o
                0x08011aa8                inv_orientation_matrix_to_scalar
 .text.inv_convert_to_body_with_scale
                0x08011bf8       0x74 ..\obj\ml_math_func.o
                0x08011bf8                inv_convert_to_body_with_scale
 .text.mlMatrixVectorMult
                0x08011c6c       0xb4 ..\obj\ml_math_func.o
                0x08011c6c                mlMatrixVectorMult
 .text.NVIC_PriorityGroupConfig
                0x08011d20       0x14 ..\obj\misc.o
                0x08011d20                NVIC_PriorityGroupConfig
 .text.NVIC_Init
                0x08011d34       0x70 ..\obj\misc.o
                0x08011d34                NVIC_Init
 .text.SysTick_CLKSourceConfig
                0x08011da4       0x18 ..\obj\misc.o
                0x08011da4                SysTick_CLKSourceConfig
 .text.inv_start_eMPL_outputs
                0x08011dbc       0x10 ..\obj\eMPL_outputs.o
 .text.inv_generate_eMPL_outputs
                0x08011dcc       0xb0 ..\obj\eMPL_outputs.o
 .text.inv_enable_eMPL_outputs
                0x08011e7c       0x3c ..\obj\eMPL_outputs.o
                0x08011e7c                inv_enable_eMPL_outputs
 .text.TIM_GetCapture1
                0x08011eb8        0x4 ..\obj\stm32f4xx_tim.o
                0x08011eb8                TIM_GetCapture1
 .text.TIM_GetCapture2
                0x08011ebc        0x4 ..\obj\stm32f4xx_tim.o
                0x08011ebc                TIM_GetCapture2
 .text.TIM_ClearITPendingBit
                0x08011ec0        0x8 ..\obj\stm32f4xx_tim.o
                0x08011ec0                TIM_ClearITPendingBit
 .text.atan     0x08011ec8      0x368 c:/program files (x86)/gnu tools arm embedded/4.9 2015q3/bin/../lib/gcc/arm-none-eabi/4.9.3/../../../../arm-none-eabi/lib/armv7e-m/fpu\libm.a(lib_a-s_atan.o)
                0x08011ec8                atan
 .text.cos      0x08012230       0xa8 c:/program files (x86)/gnu tools arm embedded/4.9 2015q3/bin/../lib/gcc/arm-none-eabi/4.9.3/../../../../arm-none-eabi/lib/armv7e-m/fpu\libm.a(lib_a-s_cos.o)
                0x08012230                cos
 .text.fabs     0x080122d8       0x10 c:/program files (x86)/gnu tools arm embedded/4.9 2015q3/bin/../lib/gcc/arm-none-eabi/4.9.3/../../../../arm-none-eabi/lib/armv7e-m/fpu\libm.a(lib_a-s_fabs.o)
                0x080122d8                fabs
 .text.floor    0x080122e8      0x120 c:/program files (x86)/gnu tools arm embedded/4.9 2015q3/bin/../lib/gcc/arm-none-eabi/4.9.3/../../../../arm-none-eabi/lib/armv7e-m/fpu\libm.a(lib_a-s_floor.o)
                0x080122e8                floor
 .text.cosf     0x08012408       0x78 c:/program files (x86)/gnu tools arm embedded/4.9 2015q3/bin/../lib/gcc/arm-none-eabi/4.9.3/../../../../arm-none-eabi/lib/armv7e-m/fpu\libm.a(lib_a-sf_cos.o)
                0x08012408                cosf
 .text.sinf     0x08012480       0x7c c:/program files (x86)/gnu tools arm embedded/4.9 2015q3/bin/../lib/gcc/arm-none-eabi/4.9.3/../../../../arm-none-eabi/lib/armv7e-m/fpu\libm.a(lib_a-sf_sin.o)
                0x08012480                sinf
 .text.asin     0x080124fc       0xc4 c:/program files (x86)/gnu tools arm embedded/4.9 2015q3/bin/../lib/gcc/arm-none-eabi/4.9.3/../../../../arm-none-eabi/lib/armv7e-m/fpu\libm.a(lib_a-w_asin.o)
                0x080124fc                asin
 .text.atan2    0x080125c0        0x4 c:/program files (x86)/gnu tools arm embedded/4.9 2015q3/bin/../lib/gcc/arm-none-eabi/4.9.3/../../../../arm-none-eabi/lib/armv7e-m/fpu\libm.a(lib_a-w_atan2.o)
                0x080125c0                atan2
 .text.log      0x080125c4      0x10c c:/program files (x86)/gnu tools arm embedded/4.9 2015q3/bin/../lib/gcc/arm-none-eabi/4.9.3/../../../../arm-none-eabi/lib/armv7e-m/fpu\libm.a(lib_a-w_log.o)
                0x080125c4                log
 .text.sqrt     0x080126d0       0xbc c:/program files (x86)/gnu tools arm embedded/4.9 2015q3/bin/../lib/gcc/arm-none-eabi/4.9.3/../../../../arm-none-eabi/lib/armv7e-m/fpu\libm.a(lib_a-w_sqrt.o)
                0x080126d0                sqrt
 .text.acosf    0x0801278c       0xbc c:/program files (x86)/gnu tools arm embedded/4.9 2015q3/bin/../lib/gcc/arm-none-eabi/4.9.3/../../../../arm-none-eabi/lib/armv7e-m/fpu\libm.a(lib_a-wf_acos.o)
                0x0801278c                acosf
 .text.atan2f   0x08012848        0x4 c:/program files (x86)/gnu tools arm embedded/4.9 2015q3/bin/../lib/gcc/arm-none-eabi/4.9.3/../../../../arm-none-eabi/lib/armv7e-m/fpu\libm.a(lib_a-wf_atan2.o)
                0x08012848                atan2f
 .text.sqrtf    0x0801284c       0xb8 c:/program files (x86)/gnu tools arm embedded/4.9 2015q3/bin/../lib/gcc/arm-none-eabi/4.9.3/../../../../arm-none-eabi/lib/armv7e-m/fpu\libm.a(lib_a-wf_sqrt.o)
                0x0801284c                sqrtf
 *fill*         0x08012904        0x4 
 .text.__ieee754_asin
                0x08012908      0x48c c:/program files (x86)/gnu tools arm embedded/4.9 2015q3/bin/../lib/gcc/arm-none-eabi/4.9.3/../../../../arm-none-eabi/lib/armv7e-m/fpu\libm.a(lib_a-e_asin.o)
                0x08012908                __ieee754_asin
 *fill*         0x08012d94        0x4 
 .text.__ieee754_atan2
                0x08012d98      0x224 c:/program files (x86)/gnu tools arm embedded/4.9 2015q3/bin/../lib/gcc/arm-none-eabi/4.9.3/../../../../arm-none-eabi/lib/armv7e-m/fpu\libm.a(lib_a-e_atan2.o)
                0x08012d98                __ieee754_atan2
 *fill*         0x08012fbc        0x4 
 .text.__ieee754_log
                0x08012fc0      0x400 c:/program files (x86)/gnu tools arm embedded/4.9 2015q3/bin/../lib/gcc/arm-none-eabi/4.9.3/../../../../arm-none-eabi/lib/armv7e-m/fpu\libm.a(lib_a-e_log.o)
                0x08012fc0                __ieee754_log
 .text.__ieee754_rem_pio2
                0x080133c0      0x44c c:/program files (x86)/gnu tools arm embedded/4.9 2015q3/bin/../lib/gcc/arm-none-eabi/4.9.3/../../../../arm-none-eabi/lib/armv7e-m/fpu\libm.a(lib_a-e_rem_pio2.o)
                0x080133c0                __ieee754_rem_pio2
 .text.__ieee754_sqrt
                0x0801380c      0x1a8 c:/program files (x86)/gnu tools arm embedded/4.9 2015q3/bin/../lib/gcc/arm-none-eabi/4.9.3/../../../../arm-none-eabi/lib/armv7e-m/fpu\libm.a(lib_a-e_sqrt.o)
                0x0801380c                __ieee754_sqrt
 .text.__ieee754_acosf
                0x080139b4      0x244 c:/program files (x86)/gnu tools arm embedded/4.9 2015q3/bin/../lib/gcc/arm-none-eabi/4.9.3/../../../../arm-none-eabi/lib/armv7e-m/fpu\libm.a(lib_a-ef_acos.o)
                0x080139b4                __ieee754_acosf
 .text.__ieee754_atan2f
                0x08013bf8      0x16c c:/program files (x86)/gnu tools arm embedded/4.9 2015q3/bin/../lib/gcc/arm-none-eabi/4.9.3/../../../../arm-none-eabi/lib/armv7e-m/fpu\libm.a(lib_a-ef_atan2.o)
                0x08013bf8                __ieee754_atan2f
 .text.__ieee754_rem_pio2f
                0x08013d64      0x290 c:/program files (x86)/gnu tools arm embedded/4.9 2015q3/bin/../lib/gcc/arm-none-eabi/4.9.3/../../../../arm-none-eabi/lib/armv7e-m/fpu\libm.a(lib_a-ef_rem_pio2.o)
                0x08013d64                __ieee754_rem_pio2f
 .text.__ieee754_sqrtf
                0x08013ff4       0xa4 c:/program files (x86)/gnu tools arm embedded/4.9 2015q3/bin/../lib/gcc/arm-none-eabi/4.9.3/../../../../arm-none-eabi/lib/armv7e-m/fpu\libm.a(lib_a-ef_sqrt.o)
                0x08013ff4                __ieee754_sqrtf
 .text.__kernel_cos
                0x08014098      0x27c c:/program files (x86)/gnu tools arm embedded/4.9 2015q3/bin/../lib/gcc/arm-none-eabi/4.9.3/../../../../arm-none-eabi/lib/armv7e-m/fpu\libm.a(lib_a-k_cos.o)
                0x08014098                __kernel_cos
 *fill*         0x08014314        0x4 
 .text.__kernel_rem_pio2
                0x08014318      0x7f4 c:/program files (x86)/gnu tools arm embedded/4.9 2015q3/bin/../lib/gcc/arm-none-eabi/4.9.3/../../../../arm-none-eabi/lib/armv7e-m/fpu\libm.a(lib_a-k_rem_pio2.o)
                0x08014318                __kernel_rem_pio2
 *fill*         0x08014b0c        0x4 
 .text.__kernel_sin
                0x08014b10      0x18c c:/program files (x86)/gnu tools arm embedded/4.9 2015q3/bin/../lib/gcc/arm-none-eabi/4.9.3/../../../../arm-none-eabi/lib/armv7e-m/fpu\libm.a(lib_a-k_sin.o)
                0x08014b10                __kernel_sin
 .text.__kernel_cosf
                0x08014c9c      0x104 c:/program files (x86)/gnu tools arm embedded/4.9 2015q3/bin/../lib/gcc/arm-none-eabi/4.9.3/../../../../arm-none-eabi/lib/armv7e-m/fpu\libm.a(lib_a-kf_cos.o)
                0x08014c9c                __kernel_cosf
 .text.__kernel_rem_pio2f
                0x08014da0      0x5e4 c:/program files (x86)/gnu tools arm embedded/4.9 2015q3/bin/../lib/gcc/arm-none-eabi/4.9.3/../../../../arm-none-eabi/lib/armv7e-m/fpu\libm.a(lib_a-kf_rem_pio2.o)
                0x08014da0                __kernel_rem_pio2f
 .text.__kernel_sinf
                0x08015384       0x90 c:/program files (x86)/gnu tools arm embedded/4.9 2015q3/bin/../lib/gcc/arm-none-eabi/4.9.3/../../../../arm-none-eabi/lib/armv7e-m/fpu\libm.a(lib_a-kf_sin.o)
                0x08015384                __kernel_sinf
 .text.__fpclassifyd
                0x08015414       0x5c c:/program files (x86)/gnu tools arm embedded/4.9 2015q3/bin/../lib/gcc/arm-none-eabi/4.9.3/../../../../arm-none-eabi/lib/armv7e-m/fpu\libm.a(lib_a-s_fpclassify.o)
                0x08015414                __fpclassifyd
 .text.matherr  0x08015470        0x4 c:/program files (x86)/gnu tools arm embedded/4.9 2015q3/bin/../lib/gcc/arm-none-eabi/4.9.3/../../../../arm-none-eabi/lib/armv7e-m/fpu\libm.a(lib_a-s_matherr.o)
                0x08015470                matherr
 *fill*         0x08015474        0x4 
 .text.nan      0x08015478       0x10 c:/program files (x86)/gnu tools arm embedded/4.9 2015q3/bin/../lib/gcc/arm-none-eabi/4.9.3/../../../../arm-none-eabi/lib/armv7e-m/fpu\libm.a(lib_a-s_nan.o)
                0x08015478                nan
 .text.scalbn   0x08015488      0x104 c:/program files (x86)/gnu tools arm embedded/4.9 2015q3/bin/../lib/gcc/arm-none-eabi/4.9.3/../../../../arm-none-eabi/lib/armv7e-m/fpu\libm.a(lib_a-s_scalbn.o)
                0x08015488                scalbn
 .text.atanf    0x0801558c      0x1b8 c:/program files (x86)/gnu tools arm embedded/4.9 2015q3/bin/../lib/gcc/arm-none-eabi/4.9.3/../../../../arm-none-eabi/lib/armv7e-m/fpu\libm.a(lib_a-sf_atan.o)
                0x0801558c                atanf
 .text.fabsf    0x08015744       0x10 c:/program files (x86)/gnu tools arm embedded/4.9 2015q3/bin/../lib/gcc/arm-none-eabi/4.9.3/../../../../arm-none-eabi/lib/armv7e-m/fpu\libm.a(lib_a-sf_fabs.o)
                0x08015744                fabsf
 .text.floorf   0x08015754       0x90 c:/program files (x86)/gnu tools arm embedded/4.9 2015q3/bin/../lib/gcc/arm-none-eabi/4.9.3/../../../../arm-none-eabi/lib/armv7e-m/fpu\libm.a(lib_a-sf_floor.o)
                0x08015754                floorf
 .text.__fpclassifyf
                0x080157e4       0x38 c:/program files (x86)/gnu tools arm embedded/4.9 2015q3/bin/../lib/gcc/arm-none-eabi/4.9.3/../../../../arm-none-eabi/lib/armv7e-m/fpu\libm.a(lib_a-sf_fpclassify.o)
                0x080157e4                __fpclassifyf
 .text.scalbnf  0x0801581c       0xd0 c:/program files (x86)/gnu tools arm embedded/4.9 2015q3/bin/../lib/gcc/arm-none-eabi/4.9.3/../../../../arm-none-eabi/lib/armv7e-m/fpu\libm.a(lib_a-sf_scalbn.o)
                0x0801581c                scalbnf
 .text.copysign
                0x080158ec       0x1c c:/program files (x86)/gnu tools arm embedded/4.9 2015q3/bin/../lib/gcc/arm-none-eabi/4.9.3/../../../../arm-none-eabi/lib/armv7e-m/fpu\libm.a(lib_a-s_copysign.o)
                0x080158ec                copysign
 .text.copysignf
                0x08015908       0x18 c:/program files (x86)/gnu tools arm embedded/4.9 2015q3/bin/../lib/gcc/arm-none-eabi/4.9.3/../../../../arm-none-eabi/lib/armv7e-m/fpu\libm.a(lib_a-sf_copysign.o)
                0x08015908                copysignf
 .text.clock    0x08015920       0x2c c:/program files (x86)/gnu tools arm embedded/4.9 2015q3/bin/../lib/gcc/arm-none-eabi/4.9.3/../../../../arm-none-eabi/lib/armv7e-m/fpu\libc.a(lib_a-clock.o)
                0x08015920                clock
 .text.__errno  0x0801594c        0xc c:/program files (x86)/gnu tools arm embedded/4.9 2015q3/bin/../lib/gcc/arm-none-eabi/4.9.3/../../../../arm-none-eabi/lib/armv7e-m/fpu\libc.a(lib_a-errno.o)
                0x0801594c                __errno
 .text.memcmp   0x08015958       0x64 c:/program files (x86)/gnu tools arm embedded/4.9 2015q3/bin/../lib/gcc/arm-none-eabi/4.9.3/../../../../arm-none-eabi/lib/armv7e-m/fpu\libc.a(lib_a-memcmp.o)
                0x08015958                memcmp
 .text.memmove  0x080159bc       0xc8 c:/program files (x86)/gnu tools arm embedded/4.9 2015q3/bin/../lib/gcc/arm-none-eabi/4.9.3/../../../../arm-none-eabi/lib/armv7e-m/fpu\libc.a(lib_a-memmove.o)
                0x080159bc                memmove
 .text.sprintf  0x08015a84       0x4c c:/program files (x86)/gnu tools arm embedded/4.9 2015q3/bin/../lib/gcc/arm-none-eabi/4.9.3/../../../../arm-none-eabi/lib/armv7e-m/fpu\libc.a(lib_a-sprintf.o)
                0x08015a84                sprintf
 .text.strlen   0x08015ad0       0x5c c:/program files (x86)/gnu tools arm embedded/4.9 2015q3/bin/../lib/gcc/arm-none-eabi/4.9.3/../../../../arm-none-eabi/lib/armv7e-m/fpu\libc.a(lib_a-strlen.o)
                0x08015ad0                strlen
 *fill*         0x08015b2c        0x4 
 .text._svfprintf_r
                0x08015b30     0x14cc c:/program files (x86)/gnu tools arm embedded/4.9 2015q3/bin/../lib/gcc/arm-none-eabi/4.9.3/../../../../arm-none-eabi/lib/armv7e-m/fpu\libc.a(lib_a-svfprintf.o)
                0x08015b30                _svfprintf_r
 .text.quorem   0x08016ffc      0x12c c:/program files (x86)/gnu tools arm embedded/4.9 2015q3/bin/../lib/gcc/arm-none-eabi/4.9.3/../../../../arm-none-eabi/lib/armv7e-m/fpu\libc.a(lib_a-dtoa.o)
 .text._dtoa_r  0x08017128      0xea4 c:/program files (x86)/gnu tools arm embedded/4.9 2015q3/bin/../lib/gcc/arm-none-eabi/4.9.3/../../../../arm-none-eabi/lib/armv7e-m/fpu\libc.a(lib_a-dtoa.o)
                0x08017128                _dtoa_r
 .text._malloc_trim_r
                0x08017fcc       0x9c c:/program files (x86)/gnu tools arm embedded/4.9 2015q3/bin/../lib/gcc/arm-none-eabi/4.9.3/../../../../arm-none-eabi/lib/armv7e-m/fpu\libc.a(lib_a-freer.o)
                0x08017fcc                _malloc_trim_r
 .text._free_r  0x08018068      0x1b0 c:/program files (x86)/gnu tools arm embedded/4.9 2015q3/bin/../lib/gcc/arm-none-eabi/4.9.3/../../../../arm-none-eabi/lib/armv7e-m/fpu\libc.a(lib_a-freer.o)
                0x08018068                _free_r
 .text._localeconv_r
                0x08018218        0x8 c:/program files (x86)/gnu tools arm embedded/4.9 2015q3/bin/../lib/gcc/arm-none-eabi/4.9.3/../../../../arm-none-eabi/lib/armv7e-m/fpu\libc.a(lib_a-locale.o)
                0x08018218                _localeconv_r
 .text._malloc_r
                0x08018220      0x524 c:/program files (x86)/gnu tools arm embedded/4.9 2015q3/bin/../lib/gcc/arm-none-eabi/4.9.3/../../../../arm-none-eabi/lib/armv7e-m/fpu\libc.a(lib_a-mallocr.o)
                0x08018220                _malloc_r
 .text.memchr   0x08018744       0x94 c:/program files (x86)/gnu tools arm embedded/4.9 2015q3/bin/../lib/gcc/arm-none-eabi/4.9.3/../../../../arm-none-eabi/lib/armv7e-m/fpu\libc.a(lib_a-memchr.o)
                0x08018744                memchr
 .text.__malloc_lock
                0x080187d8        0x4 c:/program files (x86)/gnu tools arm embedded/4.9 2015q3/bin/../lib/gcc/arm-none-eabi/4.9.3/../../../../arm-none-eabi/lib/armv7e-m/fpu\libc.a(lib_a-mlock.o)
                0x080187d8                __malloc_lock
 .text.__malloc_unlock
                0x080187dc        0x4 c:/program files (x86)/gnu tools arm embedded/4.9 2015q3/bin/../lib/gcc/arm-none-eabi/4.9.3/../../../../arm-none-eabi/lib/armv7e-m/fpu\libc.a(lib_a-mlock.o)
                0x080187dc                __malloc_unlock
 .text._Balloc  0x080187e0       0x4c c:/program files (x86)/gnu tools arm embedded/4.9 2015q3/bin/../lib/gcc/arm-none-eabi/4.9.3/../../../../arm-none-eabi/lib/armv7e-m/fpu\libc.a(lib_a-mprec.o)
                0x080187e0                _Balloc
 .text._Bfree   0x0801882c       0x14 c:/program files (x86)/gnu tools arm embedded/4.9 2015q3/bin/../lib/gcc/arm-none-eabi/4.9.3/../../../../arm-none-eabi/lib/armv7e-m/fpu\libc.a(lib_a-mprec.o)
                0x0801882c                _Bfree
 .text.__multadd
                0x08018840       0x84 c:/program files (x86)/gnu tools arm embedded/4.9 2015q3/bin/../lib/gcc/arm-none-eabi/4.9.3/../../../../arm-none-eabi/lib/armv7e-m/fpu\libc.a(lib_a-mprec.o)
                0x08018840                __multadd
 .text.__hi0bits
                0x080188c4       0x40 c:/program files (x86)/gnu tools arm embedded/4.9 2015q3/bin/../lib/gcc/arm-none-eabi/4.9.3/../../../../arm-none-eabi/lib/armv7e-m/fpu\libc.a(lib_a-mprec.o)
                0x080188c4                __hi0bits
 .text.__lo0bits
                0x08018904       0x5c c:/program files (x86)/gnu tools arm embedded/4.9 2015q3/bin/../lib/gcc/arm-none-eabi/4.9.3/../../../../arm-none-eabi/lib/armv7e-m/fpu\libc.a(lib_a-mprec.o)
                0x08018904                __lo0bits
 .text.__i2b    0x08018960       0x14 c:/program files (x86)/gnu tools arm embedded/4.9 2015q3/bin/../lib/gcc/arm-none-eabi/4.9.3/../../../../arm-none-eabi/lib/armv7e-m/fpu\libc.a(lib_a-mprec.o)
                0x08018960                __i2b
 .text.__multiply
                0x08018974      0x134 c:/program files (x86)/gnu tools arm embedded/4.9 2015q3/bin/../lib/gcc/arm-none-eabi/4.9.3/../../../../arm-none-eabi/lib/armv7e-m/fpu\libc.a(lib_a-mprec.o)
                0x08018974                __multiply
 .text.__pow5mult
                0x08018aa8       0xa0 c:/program files (x86)/gnu tools arm embedded/4.9 2015q3/bin/../lib/gcc/arm-none-eabi/4.9.3/../../../../arm-none-eabi/lib/armv7e-m/fpu\libc.a(lib_a-mprec.o)
                0x08018aa8                __pow5mult
 .text.__lshift
                0x08018b48       0xac c:/program files (x86)/gnu tools arm embedded/4.9 2015q3/bin/../lib/gcc/arm-none-eabi/4.9.3/../../../../arm-none-eabi/lib/armv7e-m/fpu\libc.a(lib_a-mprec.o)
                0x08018b48                __lshift
 .text.__mcmp   0x08018bf4       0x48 c:/program files (x86)/gnu tools arm embedded/4.9 2015q3/bin/../lib/gcc/arm-none-eabi/4.9.3/../../../../arm-none-eabi/lib/armv7e-m/fpu\libc.a(lib_a-mprec.o)
                0x08018bf4                __mcmp
 .text.__mdiff  0x08018c3c       0xd4 c:/program files (x86)/gnu tools arm embedded/4.9 2015q3/bin/../lib/gcc/arm-none-eabi/4.9.3/../../../../arm-none-eabi/lib/armv7e-m/fpu\libc.a(lib_a-mprec.o)
                0x08018c3c                __mdiff
 .text.__d2b    0x08018d10       0xbc c:/program files (x86)/gnu tools arm embedded/4.9 2015q3/bin/../lib/gcc/arm-none-eabi/4.9.3/../../../../arm-none-eabi/lib/armv7e-m/fpu\libc.a(lib_a-mprec.o)
                0x08018d10                __d2b
 .text._realloc_r
                0x08018dcc      0x3ec c:/program files (x86)/gnu tools arm embedded/4.9 2015q3/bin/../lib/gcc/arm-none-eabi/4.9.3/../../../../arm-none-eabi/lib/armv7e-m/fpu\libc.a(lib_a-reallocr.o)
                0x08018dcc                _realloc_r
 .text._sbrk_r  0x080191b8       0x24 c:/program files (x86)/gnu tools arm embedded/4.9 2015q3/bin/../lib/gcc/arm-none-eabi/4.9.3/../../../../arm-none-eabi/lib/armv7e-m/fpu\libc.a(lib_a-sbrkr.o)
                0x080191b8                _sbrk_r
 .text.__ssprint_r
                0x080191dc      0x104 c:/program files (x86)/gnu tools arm embedded/4.9 2015q3/bin/../lib/gcc/arm-none-eabi/4.9.3/../../../../arm-none-eabi/lib/armv7e-m/fpu\libc.a(lib_a-svfiprintf.o)
                0x080191dc                __ssprint_r
 .text._calloc_r
                0x080192e0       0x60 c:/program files (x86)/gnu tools arm embedded/4.9 2015q3/bin/../lib/gcc/arm-none-eabi/4.9.3/../../../../arm-none-eabi/lib/armv7e-m/fpu\libc.a(lib_a-callocr.o)
                0x080192e0                _calloc_r
 *(.glue_7)
 .glue_7        0x00000000        0x0 linker stubs
 *(.glue_7t)
 .glue_7t       0x00000000        0x0 linker stubs
 *(.eh_frame)
 .eh_frame      0x08019340        0x0 c:/program files (x86)/gnu tools arm embedded/4.9 2015q3/bin/../lib/gcc/arm-none-eabi/4.9.3/armv7e-m/fpu/crtbegin.o
 *(.init)
 .init          0x08019340        0x4 c:/program files (x86)/gnu tools arm embedded/4.9 2015q3/bin/../lib/gcc/arm-none-eabi/4.9.3/armv7e-m/fpu/crti.o
                0x08019340                _init
 .init          0x08019344        0x8 c:/program files (x86)/gnu tools arm embedded/4.9 2015q3/bin/../lib/gcc/arm-none-eabi/4.9.3/armv7e-m/fpu/crtn.o
 *(.fini)
 .fini          0x0801934c        0x4 c:/program files (x86)/gnu tools arm embedded/4.9 2015q3/bin/../lib/gcc/arm-none-eabi/4.9.3/armv7e-m/fpu/crti.o
                0x0801934c                _fini
 .fini          0x08019350        0x8 c:/program files (x86)/gnu tools arm embedded/4.9 2015q3/bin/../lib/gcc/arm-none-eabi/4.9.3/armv7e-m/fpu/crtn.o
                0x08019358                . = ALIGN (0x4)
                0x08019358                _etext = .

.vfp11_veneer   0x08019358        0x0
 .vfp11_veneer  0x00000000        0x0 linker stubs

.v4_bx          0x08019358        0x0
 .v4_bx         0x00000000        0x0 linker stubs

.iplt           0x08019358        0x0
 .iplt          0x00000000        0x0 c:/program files (x86)/gnu tools arm embedded/4.9 2015q3/bin/../lib/gcc/arm-none-eabi/4.9.3/armv7e-m/fpu/crtbegin.o

.rodata         0x08019358     0x1758
                0x08019358                . = ALIGN (0x4)
 *(.rodata)
 .rodata        0x08019358      0x26a ..\obj\inv_mpu.o
                0x08019558                test
                0x08019588                hw
                0x08019598                reg
 *fill*         0x080195c2        0x6 
 .rodata        0x080195c8       0x30 ..\obj\main.o
 .rodata        0x080195f8      0xc43 ..\obj\inv_mpu_dmp_motion_driver.o
 *(.rodata*)
 *fill*         0x0801a23b        0x1 
 .rodata.str1.4
                0x0801a23c        0x2 c:/program files (x86)/gnu tools arm embedded/4.9 2015q3/bin/../lib/gcc/arm-none-eabi/4.9.3/../../../../arm-none-eabi/lib/armv7e-m/fpu\libc.a(lib_a-impure.o)
 *fill*         0x0801a23e        0x2 
 .rodata._global_impure_ptr
                0x0801a240        0x4 c:/program files (x86)/gnu tools arm embedded/4.9 2015q3/bin/../lib/gcc/arm-none-eabi/4.9.3/../../../../arm-none-eabi/lib/armv7e-m/fpu\libc.a(lib_a-impure.o)
                0x0801a240                _global_impure_ptr
 .rodata.str1.4
                0x0801a244       0xa9 ..\obj\main.o
                                 0xbd (size before relaxing)
 *fill*         0x0801a2ed        0x3 
 .rodata.str1.4
                0x0801a2f0        0xf ..\obj\ff.o
 .rodata.str1.4
                0x00000000        0xc ..\..\..\Init\core\mpl\liblibmplmpu.a(quaternion_supervisor.o)
 *fill*         0x0801a2ff        0x1 
 .rodata.atanlo
                0x0801a300       0x20 c:/program files (x86)/gnu tools arm embedded/4.9 2015q3/bin/../lib/gcc/arm-none-eabi/4.9.3/../../../../arm-none-eabi/lib/armv7e-m/fpu\libm.a(lib_a-s_atan.o)
 .rodata.atanhi
                0x0801a320       0x20 c:/program files (x86)/gnu tools arm embedded/4.9 2015q3/bin/../lib/gcc/arm-none-eabi/4.9.3/../../../../arm-none-eabi/lib/armv7e-m/fpu\libm.a(lib_a-s_atan.o)
 .rodata.str1.4
                0x0801a340        0x5 c:/program files (x86)/gnu tools arm embedded/4.9 2015q3/bin/../lib/gcc/arm-none-eabi/4.9.3/../../../../arm-none-eabi/lib/armv7e-m/fpu\libm.a(lib_a-w_asin.o)
                                  0x9 (size before relaxing)
 *fill*         0x0801a345        0x3 
 .rodata.str1.4
                0x0801a348        0x4 c:/program files (x86)/gnu tools arm embedded/4.9 2015q3/bin/../lib/gcc/arm-none-eabi/4.9.3/../../../../arm-none-eabi/lib/armv7e-m/fpu\libm.a(lib_a-w_log.o)
                                  0x5 (size before relaxing)
 .rodata.str1.4
                0x0801a34c        0x5 c:/program files (x86)/gnu tools arm embedded/4.9 2015q3/bin/../lib/gcc/arm-none-eabi/4.9.3/../../../../arm-none-eabi/lib/armv7e-m/fpu\libm.a(lib_a-w_sqrt.o)
 *fill*         0x0801a351        0x3 
 .rodata.str1.4
                0x0801a354        0x6 c:/program files (x86)/gnu tools arm embedded/4.9 2015q3/bin/../lib/gcc/arm-none-eabi/4.9.3/../../../../arm-none-eabi/lib/armv7e-m/fpu\libm.a(lib_a-wf_acos.o)
                                  0x9 (size before relaxing)
 *fill*         0x0801a35a        0x2 
 .rodata.str1.4
                0x0801a35c        0x6 c:/program files (x86)/gnu tools arm embedded/4.9 2015q3/bin/../lib/gcc/arm-none-eabi/4.9.3/../../../../arm-none-eabi/lib/armv7e-m/fpu\libm.a(lib_a-wf_sqrt.o)
 *fill*         0x0801a362        0x2 
 .rodata.npio2_hw
                0x0801a364       0x80 c:/program files (x86)/gnu tools arm embedded/4.9 2015q3/bin/../lib/gcc/arm-none-eabi/4.9.3/../../../../arm-none-eabi/lib/armv7e-m/fpu\libm.a(lib_a-e_rem_pio2.o)
 .rodata.two_over_pi
                0x0801a3e4      0x108 c:/program files (x86)/gnu tools arm embedded/4.9 2015q3/bin/../lib/gcc/arm-none-eabi/4.9.3/../../../../arm-none-eabi/lib/armv7e-m/fpu\libm.a(lib_a-e_rem_pio2.o)
 .rodata.npio2_hw
                0x0801a4ec       0x80 c:/program files (x86)/gnu tools arm embedded/4.9 2015q3/bin/../lib/gcc/arm-none-eabi/4.9.3/../../../../arm-none-eabi/lib/armv7e-m/fpu\libm.a(lib_a-ef_rem_pio2.o)
 .rodata.two_over_pi
                0x0801a56c      0x318 c:/program files (x86)/gnu tools arm embedded/4.9 2015q3/bin/../lib/gcc/arm-none-eabi/4.9.3/../../../../arm-none-eabi/lib/armv7e-m/fpu\libm.a(lib_a-ef_rem_pio2.o)
 .rodata.init_jk
                0x0801a884       0x10 c:/program files (x86)/gnu tools arm embedded/4.9 2015q3/bin/../lib/gcc/arm-none-eabi/4.9.3/../../../../arm-none-eabi/lib/armv7e-m/fpu\libm.a(lib_a-k_rem_pio2.o)
 *fill*         0x0801a894        0x4 
 .rodata.PIo2   0x0801a898       0x40 c:/program files (x86)/gnu tools arm embedded/4.9 2015q3/bin/../lib/gcc/arm-none-eabi/4.9.3/../../../../arm-none-eabi/lib/armv7e-m/fpu\libm.a(lib_a-k_rem_pio2.o)
 .rodata.init_jk
                0x0801a8d8        0xc c:/program files (x86)/gnu tools arm embedded/4.9 2015q3/bin/../lib/gcc/arm-none-eabi/4.9.3/../../../../arm-none-eabi/lib/armv7e-m/fpu\libm.a(lib_a-kf_rem_pio2.o)
 .rodata.PIo2   0x0801a8e4       0x2c c:/program files (x86)/gnu tools arm embedded/4.9 2015q3/bin/../lib/gcc/arm-none-eabi/4.9.3/../../../../arm-none-eabi/lib/armv7e-m/fpu\libm.a(lib_a-kf_rem_pio2.o)
 .rodata.atanlo
                0x0801a910       0x10 c:/program files (x86)/gnu tools arm embedded/4.9 2015q3/bin/../lib/gcc/arm-none-eabi/4.9.3/../../../../arm-none-eabi/lib/armv7e-m/fpu\libm.a(lib_a-sf_atan.o)
 .rodata.atanhi
                0x0801a920       0x10 c:/program files (x86)/gnu tools arm embedded/4.9 2015q3/bin/../lib/gcc/arm-none-eabi/4.9.3/../../../../arm-none-eabi/lib/armv7e-m/fpu\libm.a(lib_a-sf_atan.o)
 .rodata.zeroes.6911
                0x0801a930       0x10 c:/program files (x86)/gnu tools arm embedded/4.9 2015q3/bin/../lib/gcc/arm-none-eabi/4.9.3/../../../../arm-none-eabi/lib/armv7e-m/fpu\libc.a(lib_a-svfprintf.o)
 .rodata.blanks.6910
                0x0801a940       0x10 c:/program files (x86)/gnu tools arm embedded/4.9 2015q3/bin/../lib/gcc/arm-none-eabi/4.9.3/../../../../arm-none-eabi/lib/armv7e-m/fpu\libc.a(lib_a-svfprintf.o)
 .rodata.str1.4
                0x0801a950       0x42 c:/program files (x86)/gnu tools arm embedded/4.9 2015q3/bin/../lib/gcc/arm-none-eabi/4.9.3/../../../../arm-none-eabi/lib/armv7e-m/fpu\libc.a(lib_a-svfprintf.o)
 *fill*         0x0801a992        0x2 
 .rodata.str1.4
                0x0801a994       0x10 c:/program files (x86)/gnu tools arm embedded/4.9 2015q3/bin/../lib/gcc/arm-none-eabi/4.9.3/../../../../arm-none-eabi/lib/armv7e-m/fpu\libc.a(lib_a-dtoa.o)
                                 0x12 (size before relaxing)
 .rodata.str1.4
                0x0801a9a4        0xc c:/program files (x86)/gnu tools arm embedded/4.9 2015q3/bin/../lib/gcc/arm-none-eabi/4.9.3/../../../../arm-none-eabi/lib/armv7e-m/fpu\libc.a(lib_a-locale.o)
                                 0x12 (size before relaxing)
 .rodata.__mprec_tens
                0x0801a9b0       0xc8 c:/program files (x86)/gnu tools arm embedded/4.9 2015q3/bin/../lib/gcc/arm-none-eabi/4.9.3/../../../../arm-none-eabi/lib/armv7e-m/fpu\libc.a(lib_a-mprec.o)
                0x0801a9b0                __mprec_tens
 .rodata.p05.5302
                0x0801aa78        0xc c:/program files (x86)/gnu tools arm embedded/4.9 2015q3/bin/../lib/gcc/arm-none-eabi/4.9.3/../../../../arm-none-eabi/lib/armv7e-m/fpu\libc.a(lib_a-mprec.o)
 *fill*         0x0801aa84        0x4 
 .rodata.__mprec_bigtens
                0x0801aa88       0x28 c:/program files (x86)/gnu tools arm embedded/4.9 2015q3/bin/../lib/gcc/arm-none-eabi/4.9.3/../../../../arm-none-eabi/lib/armv7e-m/fpu\libc.a(lib_a-mprec.o)
                0x0801aa88                __mprec_bigtens
                0x0801aab0                . = ALIGN (0x4)

.ARM.extab
 *(.ARM.extab* .gnu.linkonce.armextab.*)

.ARM            0x0801aab0        0x8
                0x0801aab0                __exidx_start = .
 *(.ARM.exidx*)
 .ARM.exidx     0x0801aab0        0x8 c:/program files (x86)/gnu tools arm embedded/4.9 2015q3/bin/../lib/gcc/arm-none-eabi/4.9.3/armv7e-m/fpu\libgcc.a(_divdi3.o)
 .ARM.exidx     0x0801aab8        0x0 c:/program files (x86)/gnu tools arm embedded/4.9 2015q3/bin/../lib/gcc/arm-none-eabi/4.9.3/armv7e-m/fpu\libgcc.a(_udivdi3.o)
                                  0x8 (size before relaxing)
                0x0801aab8                __exidx_end = .

.rel.dyn        0x0801aab8        0x0
 .rel.iplt      0x00000000        0x0 c:/program files (x86)/gnu tools arm embedded/4.9 2015q3/bin/../lib/gcc/arm-none-eabi/4.9.3/armv7e-m/fpu/crtbegin.o

.preinit_array  0x0801aab8        0x0
                0x0801aab8                PROVIDE (__preinit_array_start, .)
 *(.preinit_array*)
                0x0801aab8                PROVIDE (__preinit_array_end, .)

.init_array     0x0801aab8        0x8
                0x0801aab8                PROVIDE (__init_array_start, .)
 *(SORT(.init_array.*))
 .init_array.00000
                0x0801aab8        0x4 c:/program files (x86)/gnu tools arm embedded/4.9 2015q3/bin/../lib/gcc/arm-none-eabi/4.9.3/../../../../arm-none-eabi/lib/armv7e-m/fpu\libc.a(lib_a-__call_atexit.o)
 *(.init_array*)
 .init_array    0x0801aabc        0x4 c:/program files (x86)/gnu tools arm embedded/4.9 2015q3/bin/../lib/gcc/arm-none-eabi/4.9.3/armv7e-m/fpu/crtbegin.o
                0x0801aac0                PROVIDE (__init_array_end, .)

.fini_array     0x0801aac0        0x4
                0x0801aac0                PROVIDE (__fini_array_start, .)
 *(SORT(.fini_array.*))
 *(.fini_array*)
 .fini_array    0x0801aac0        0x4 c:/program files (x86)/gnu tools arm embedded/4.9 2015q3/bin/../lib/gcc/arm-none-eabi/4.9.3/armv7e-m/fpu/crtbegin.o
                0x0801aac4                PROVIDE (__fini_array_end, .)
                0x0801aac4                _sidata = LOADADDR (.data)

.data           0x20000000      0x8f0 load address 0x0801aac4
                0x20000000                . = ALIGN (0x4)
                0x20000000                _sdata = .
 *(.data)
 .data          0x20000000        0x2 ..\obj\i2c.o
 *fill*         0x20000002        0x2 
 .data          0x20000004       0x38 ..\obj\inv_mpu.o
 .data          0x2000003c       0x1c ..\obj\main.o
                0x20000054                mpl_key
 .data          0x20000058       0x10 ..\obj\stm32f4xx_rcc.o
 .data          0x20000068       0x10 ..\..\..\Init\core\mpl\liblibmplmpu.a(compass_vec_cal.o)
 *(.data*)
 .data.impure_data
                0x20000078      0x428 c:/program files (x86)/gnu tools arm embedded/4.9 2015q3/bin/../lib/gcc/arm-none-eabi/4.9.3/../../../../arm-none-eabi/lib/armv7e-m/fpu\libc.a(lib_a-impure.o)
 .data._impure_ptr
                0x200004a0        0x4 c:/program files (x86)/gnu tools arm embedded/4.9 2015q3/bin/../lib/gcc/arm-none-eabi/4.9.3/../../../../arm-none-eabi/lib/armv7e-m/fpu\libc.a(lib_a-impure.o)
                0x200004a0                _impure_ptr
 .data.__fdlib_version
                0x200004a4        0x1 c:/program files (x86)/gnu tools arm embedded/4.9 2015q3/bin/../lib/gcc/arm-none-eabi/4.9.3/../../../../arm-none-eabi/lib/armv7e-m/fpu\libm.a(lib_a-s_lib_ver.o)
                0x200004a4                __fdlib_version
 *fill*         0x200004a5        0x3 
 .data.lconv    0x200004a8       0x38 c:/program files (x86)/gnu tools arm embedded/4.9 2015q3/bin/../lib/gcc/arm-none-eabi/4.9.3/../../../../arm-none-eabi/lib/armv7e-m/fpu\libc.a(lib_a-locale.o)
 .data.__malloc_av_
                0x200004e0      0x408 c:/program files (x86)/gnu tools arm embedded/4.9 2015q3/bin/../lib/gcc/arm-none-eabi/4.9.3/../../../../arm-none-eabi/lib/armv7e-m/fpu\libc.a(lib_a-mallocr.o)
                0x200004e0                __malloc_av_
 .data.__malloc_trim_threshold
                0x200008e8        0x4 c:/program files (x86)/gnu tools arm embedded/4.9 2015q3/bin/../lib/gcc/arm-none-eabi/4.9.3/../../../../arm-none-eabi/lib/armv7e-m/fpu\libc.a(lib_a-mallocr.o)
                0x200008e8                __malloc_trim_threshold
 .data.__malloc_sbrk_base